Archive member included to satisfy reference by file (symbol)

/home/muaddib/st/stm32cubeide_1.3.0_2/plugins/com.st.stm32cube.ide.mcu.externaltools.gnu-tools-for-stm32.7-2018-q2-update.linux64_1.0.0.201904181610/tools/bin/../lib/gcc/arm-none-eabi/7.3.1/../../../../arm-none-eabi/lib/thumb/v7e-m/fpv4-sp/hard/libc_nano.a(lib_a-exit.o)
                              /home/muaddib/st/stm32cubeide_1.3.0_2/plugins/com.st.stm32cube.ide.mcu.externaltools.gnu-tools-for-stm32.7-2018-q2-update.linux64_1.0.0.201904181610/tools/bin/../lib/gcc/arm-none-eabi/7.3.1/../../../../arm-none-eabi/lib/thumb/v7e-m/fpv4-sp/hard/crt0.o (exit)
/home/muaddib/st/stm32cubeide_1.3.0_2/plugins/com.st.stm32cube.ide.mcu.externaltools.gnu-tools-for-stm32.7-2018-q2-update.linux64_1.0.0.201904181610/tools/bin/../lib/gcc/arm-none-eabi/7.3.1/../../../../arm-none-eabi/lib/thumb/v7e-m/fpv4-sp/hard/libc_nano.a(lib_a-impure.o)
                              /home/muaddib/st/stm32cubeide_1.3.0_2/plugins/com.st.stm32cube.ide.mcu.externaltools.gnu-tools-for-stm32.7-2018-q2-update.linux64_1.0.0.201904181610/tools/bin/../lib/gcc/arm-none-eabi/7.3.1/../../../../arm-none-eabi/lib/thumb/v7e-m/fpv4-sp/hard/libc_nano.a(lib_a-exit.o) (_global_impure_ptr)
/home/muaddib/st/stm32cubeide_1.3.0_2/plugins/com.st.stm32cube.ide.mcu.externaltools.gnu-tools-for-stm32.7-2018-q2-update.linux64_1.0.0.201904181610/tools/bin/../lib/gcc/arm-none-eabi/7.3.1/../../../../arm-none-eabi/lib/thumb/v7e-m/fpv4-sp/hard/libc_nano.a(lib_a-init.o)
                              /home/muaddib/st/stm32cubeide_1.3.0_2/plugins/com.st.stm32cube.ide.mcu.externaltools.gnu-tools-for-stm32.7-2018-q2-update.linux64_1.0.0.201904181610/tools/bin/../lib/gcc/arm-none-eabi/7.3.1/../../../../arm-none-eabi/lib/thumb/v7e-m/fpv4-sp/hard/crt0.o (__libc_init_array)
/home/muaddib/st/stm32cubeide_1.3.0_2/plugins/com.st.stm32cube.ide.mcu.externaltools.gnu-tools-for-stm32.7-2018-q2-update.linux64_1.0.0.201904181610/tools/bin/../lib/gcc/arm-none-eabi/7.3.1/../../../../arm-none-eabi/lib/thumb/v7e-m/fpv4-sp/hard/libc_nano.a(lib_a-memset.o)
                              /home/muaddib/st/stm32cubeide_1.3.0_2/plugins/com.st.stm32cube.ide.mcu.externaltools.gnu-tools-for-stm32.7-2018-q2-update.linux64_1.0.0.201904181610/tools/bin/../lib/gcc/arm-none-eabi/7.3.1/../../../../arm-none-eabi/lib/thumb/v7e-m/fpv4-sp/hard/crt0.o (memset)
/home/muaddib/st/stm32cubeide_1.3.0_2/plugins/com.st.stm32cube.ide.mcu.externaltools.gnu-tools-for-stm32.7-2018-q2-update.linux64_1.0.0.201904181610/tools/bin/../lib/gcc/arm-none-eabi/7.3.1/thumb/v7e-m/fpv4-sp/hard/libgcc.a(_aeabi_uldivmod.o)
                              Drivers/STM32F4xx_HAL_Driver/Src/stm32f4xx_hal_rcc.o (__aeabi_uldivmod)
/home/muaddib/st/stm32cubeide_1.3.0_2/plugins/com.st.stm32cube.ide.mcu.externaltools.gnu-tools-for-stm32.7-2018-q2-update.linux64_1.0.0.201904181610/tools/bin/../lib/gcc/arm-none-eabi/7.3.1/thumb/v7e-m/fpv4-sp/hard/libgcc.a(_udivmoddi4.o)
                              /home/muaddib/st/stm32cubeide_1.3.0_2/plugins/com.st.stm32cube.ide.mcu.externaltools.gnu-tools-for-stm32.7-2018-q2-update.linux64_1.0.0.201904181610/tools/bin/../lib/gcc/arm-none-eabi/7.3.1/thumb/v7e-m/fpv4-sp/hard/libgcc.a(_aeabi_uldivmod.o) (__udivmoddi4)
/home/muaddib/st/stm32cubeide_1.3.0_2/plugins/com.st.stm32cube.ide.mcu.externaltools.gnu-tools-for-stm32.7-2018-q2-update.linux64_1.0.0.201904181610/tools/bin/../lib/gcc/arm-none-eabi/7.3.1/thumb/v7e-m/fpv4-sp/hard/libgcc.a(_dvmd_tls.o)
                              /home/muaddib/st/stm32cubeide_1.3.0_2/plugins/com.st.stm32cube.ide.mcu.externaltools.gnu-tools-for-stm32.7-2018-q2-update.linux64_1.0.0.201904181610/tools/bin/../lib/gcc/arm-none-eabi/7.3.1/thumb/v7e-m/fpv4-sp/hard/libgcc.a(_aeabi_uldivmod.o) (__aeabi_ldiv0)
/home/muaddib/st/stm32cubeide_1.3.0_2/plugins/com.st.stm32cube.ide.mcu.externaltools.gnu-tools-for-stm32.7-2018-q2-update.linux64_1.0.0.201904181610/tools/bin/../lib/gcc/arm-none-eabi/7.3.1/../../../../arm-none-eabi/lib/thumb/v7e-m/fpv4-sp/hard/libnosys.a(_exit.o)
                              /home/muaddib/st/stm32cubeide_1.3.0_2/plugins/com.st.stm32cube.ide.mcu.externaltools.gnu-tools-for-stm32.7-2018-q2-update.linux64_1.0.0.201904181610/tools/bin/../lib/gcc/arm-none-eabi/7.3.1/../../../../arm-none-eabi/lib/thumb/v7e-m/fpv4-sp/hard/libc_nano.a(lib_a-exit.o) (_exit)

Allocating common symbols
Common symbol       size              file

hUsbDeviceFS        0x2d0             USB_DEVICE/App/usb_device.o
hpcd_USB_OTG_FS     0x408             USB_DEVICE/Target/usbd_conf.o
uwTick              0x4               Drivers/STM32F4xx_HAL_Driver/Src/stm32f4xx_hal.o
pFlash              0x20              Drivers/STM32F4xx_HAL_Driver/Src/stm32f4xx_hal_flash.o
USB_Rx_Buffer       0x40              Middlewares/ST/STM32_USB_Device_Library/Class/AUDIO/Src/usbd_audio.o
usbmidicable2       0x804             USB_DEVICE/App/usbd_audio_if.o
usbmidicable1       0x804             USB_DEVICE/App/usbd_audio_if.o
[...]
Memory Configuration

Name             Origin             Length             Attributes
CCMRAM           0x0000000010000000 0x0000000000010000 xrw
RAM              0x0000000020000000 0x0000000000020000 xrw
FLASH            0x0000000008000000 0x0000000000100000 xr
*default*        0x0000000000000000 0xffffffffffffffff

Linker script and memory map

LOAD /home/muaddib/st/stm32cubeide_1.3.0_2/plugins/com.st.stm32cube.ide.mcu.externaltools.gnu-tools-for-stm32.7-2018-q2-update.linux64_1.0.0.201904181610/tools/bin/../lib/gcc/arm-none-eabi/7.3.1/thumb/v7e-m/fpv4-sp/hard/crti.o
LOAD /home/muaddib/st/stm32cubeide_1.3.0_2/plugins/com.st.stm32cube.ide.mcu.externaltools.gnu-tools-for-stm32.7-2018-q2-update.linux64_1.0.0.201904181610/tools/bin/../lib/gcc/arm-none-eabi/7.3.1/thumb/v7e-m/fpv4-sp/hard/crtbegin.o
LOAD /home/muaddib/st/stm32cubeide_1.3.0_2/plugins/com.st.stm32cube.ide.mcu.externaltools.gnu-tools-for-stm32.7-2018-q2-update.linux64_1.0.0.201904181610/tools/bin/../lib/gcc/arm-none-eabi/7.3.1/../../../../arm-none-eabi/lib/thumb/v7e-m/fpv4-sp/hard/crt0.o
LOAD Core/Src/main.o
LOAD Core/Src/stm32f4xx_hal_msp.o
LOAD Core/Src/stm32f4xx_it.o
LOAD Core/Src/system_stm32f4xx.o
LOAD Core/Startup/startup_stm32f407vgtx.o
LOAD Drivers/STM32F4xx_HAL_Driver/Src/stm32f4xx_hal.o
LOAD Drivers/STM32F4xx_HAL_Driver/Src/stm32f4xx_hal_cortex.o
LOAD Drivers/STM32F4xx_HAL_Driver/Src/stm32f4xx_hal_dma.o
LOAD Drivers/STM32F4xx_HAL_Driver/Src/stm32f4xx_hal_dma_ex.o
LOAD Drivers/STM32F4xx_HAL_Driver/Src/stm32f4xx_hal_exti.o
LOAD Drivers/STM32F4xx_HAL_Driver/Src/stm32f4xx_hal_flash.o
LOAD Drivers/STM32F4xx_HAL_Driver/Src/stm32f4xx_hal_flash_ex.o
LOAD Drivers/STM32F4xx_HAL_Driver/Src/stm32f4xx_hal_flash_ramfunc.o
LOAD Drivers/STM32F4xx_HAL_Driver/Src/stm32f4xx_hal_gpio.o
LOAD Drivers/STM32F4xx_HAL_Driver/Src/stm32f4xx_hal_pcd.o
LOAD Drivers/STM32F4xx_HAL_Driver/Src/stm32f4xx_hal_pcd_ex.o
LOAD Drivers/STM32F4xx_HAL_Driver/Src/stm32f4xx_hal_pwr.o
LOAD Drivers/STM32F4xx_HAL_Driver/Src/stm32f4xx_hal_pwr_ex.o
LOAD Drivers/STM32F4xx_HAL_Driver/Src/stm32f4xx_hal_rcc.o
LOAD Drivers/STM32F4xx_HAL_Driver/Src/stm32f4xx_hal_rcc_ex.o
LOAD Drivers/STM32F4xx_HAL_Driver/Src/stm32f4xx_hal_tim.o
LOAD Drivers/STM32F4xx_HAL_Driver/Src/stm32f4xx_hal_tim_ex.o
LOAD Drivers/STM32F4xx_HAL_Driver/Src/stm32f4xx_ll_usb.o
LOAD Middlewares/ST/STM32_USB_Device_Library/Class/AUDIO/Src/usbd_audio.o
LOAD Middlewares/ST/STM32_USB_Device_Library/Core/Src/usbd_core.o
LOAD Middlewares/ST/STM32_USB_Device_Library/Core/Src/usbd_ctlreq.o
LOAD Middlewares/ST/STM32_USB_Device_Library/Core/Src/usbd_ioreq.o
LOAD USB_DEVICE/App/usb_device.o
LOAD USB_DEVICE/App/usbd_audio_if.o
LOAD USB_DEVICE/App/usbd_desc.o
LOAD USB_DEVICE/Target/usbd_conf.o
START GROUP
LOAD /home/muaddib/st/stm32cubeide_1.3.0_2/plugins/com.st.stm32cube.ide.mcu.externaltools.gnu-tools-for-stm32.7-2018-q2-update.linux64_1.0.0.201904181610/tools/bin/../lib/gcc/arm-none-eabi/7.3.1/../../../../arm-none-eabi/lib/thumb/v7e-m/fpv4-sp/hard/libc_nano.a
LOAD /home/muaddib/st/stm32cubeide_1.3.0_2/plugins/com.st.stm32cube.ide.mcu.externaltools.gnu-tools-for-stm32.7-2018-q2-update.linux64_1.0.0.201904181610/tools/bin/../lib/gcc/arm-none-eabi/7.3.1/../../../../arm-none-eabi/lib/thumb/v7e-m/fpv4-sp/hard/libm.a
END GROUP
START GROUP
LOAD /home/muaddib/st/stm32cubeide_1.3.0_2/plugins/com.st.stm32cube.ide.mcu.externaltools.gnu-tools-for-stm32.7-2018-q2-update.linux64_1.0.0.201904181610/tools/bin/../lib/gcc/arm-none-eabi/7.3.1/thumb/v7e-m/fpv4-sp/hard/libgcc.a
LOAD /home/muaddib/st/stm32cubeide_1.3.0_2/plugins/com.st.stm32cube.ide.mcu.externaltools.gnu-tools-for-stm32.7-2018-q2-update.linux64_1.0.0.201904181610/tools/bin/../lib/gcc/arm-none-eabi/7.3.1/../../../../arm-none-eabi/lib/thumb/v7e-m/fpv4-sp/hard/libc_nano.a
END GROUP
START GROUP
LOAD /home/muaddib/st/stm32cubeide_1.3.0_2/plugins/com.st.stm32cube.ide.mcu.externaltools.gnu-tools-for-stm32.7-2018-q2-update.linux64_1.0.0.201904181610/tools/bin/../lib/gcc/arm-none-eabi/7.3.1/thumb/v7e-m/fpv4-sp/hard/libgcc.a
LOAD /home/muaddib/st/stm32cubeide_1.3.0_2/plugins/com.st.stm32cube.ide.mcu.externaltools.gnu-tools-for-stm32.7-2018-q2-update.linux64_1.0.0.201904181610/tools/bin/../lib/gcc/arm-none-eabi/7.3.1/../../../../arm-none-eabi/lib/thumb/v7e-m/fpv4-sp/hard/libc_nano.a
LOAD /home/muaddib/st/stm32cubeide_1.3.0_2/plugins/com.st.stm32cube.ide.mcu.externaltools.gnu-tools-for-stm32.7-2018-q2-update.linux64_1.0.0.201904181610/tools/bin/../lib/gcc/arm-none-eabi/7.3.1/../../../../arm-none-eabi/lib/thumb/v7e-m/fpv4-sp/hard/libnosys.a
END GROUP
START GROUP
LOAD /home/muaddib/st/stm32cubeide_1.3.0_2/plugins/com.st.stm32cube.ide.mcu.externaltools.gnu-tools-for-stm32.7-2018-q2-update.linux64_1.0.0.201904181610/tools/bin/../lib/gcc/arm-none-eabi/7.3.1/thumb/v7e-m/fpv4-sp/hard/libgcc.a
LOAD /home/muaddib/st/stm32cubeide_1.3.0_2/plugins/com.st.stm32cube.ide.mcu.externaltools.gnu-tools-for-stm32.7-2018-q2-update.linux64_1.0.0.201904181610/tools/bin/../lib/gcc/arm-none-eabi/7.3.1/../../../../arm-none-eabi/lib/thumb/v7e-m/fpv4-sp/hard/libc_nano.a
LOAD /home/muaddib/st/stm32cubeide_1.3.0_2/plugins/com.st.stm32cube.ide.mcu.externaltools.gnu-tools-for-stm32.7-2018-q2-update.linux64_1.0.0.201904181610/tools/bin/../lib/gcc/arm-none-eabi/7.3.1/../../../../arm-none-eabi/lib/thumb/v7e-m/fpv4-sp/hard/libnosys.a
END GROUP
LOAD /home/muaddib/st/stm32cubeide_1.3.0_2/plugins/com.st.stm32cube.ide.mcu.externaltools.gnu-tools-for-stm32.7-2018-q2-update.linux64_1.0.0.201904181610/tools/bin/../lib/gcc/arm-none-eabi/7.3.1/thumb/v7e-m/fpv4-sp/hard/crtend.o
LOAD /home/muaddib/st/stm32cubeide_1.3.0_2/plugins/com.st.stm32cube.ide.mcu.externaltools.gnu-tools-for-stm32.7-2018-q2-update.linux64_1.0.0.201904181610/tools/bin/../lib/gcc/arm-none-eabi/7.3.1/thumb/v7e-m/fpv4-sp/hard/crtn.o
                0x0000000020020000                _estack = (ORIGIN (RAM) + LENGTH (RAM))
                0x0000000000000200                _Min_Heap_Size = 0x200
                0x0000000000000400                _Min_Stack_Size = 0x400

.isr_vector     0x0000000008000000      0x188
                0x0000000008000000                . = ALIGN (0x4)
 *(.isr_vector)
 .isr_vector    0x0000000008000000      0x188 Core/Startup/startup_stm32f407vgtx.o
                0x0000000008000000                g_pfnVectors
                0x0000000008000188                . = ALIGN (0x4)

.text           0x0000000008000188     0x5e60
                0x0000000008000188                . = ALIGN (0x4)
 *(.text)
 .text          0x0000000008000188       0x40 /home/muaddib/st/stm32cubeide_1.3.0_2/plugins/com.st.stm32cube.ide.mcu.externaltools.gnu-tools-for-stm32.7-2018-q2-update.linux64_1.0.0.201904181610/tools/bin/../lib/gcc/arm-none-eabi/7.3.1/thumb/v7e-m/fpv4-sp/hard/crtbegin.o
 .text          0x00000000080001c8       0x30 /home/muaddib/st/stm32cubeide_1.3.0_2/plugins/com.st.stm32cube.ide.mcu.externaltools.gnu-tools-for-stm32.7-2018-q2-update.linux64_1.0.0.201904181610/tools/bin/../lib/gcc/arm-none-eabi/7.3.1/thumb/v7e-m/fpv4-sp/hard/libgcc.a(_aeabi_uldivmod.o)
                0x00000000080001c8                __aeabi_uldivmod
 .text          0x00000000080001f8      0x2cc /home/muaddib/st/stm32cubeide_1.3.0_2/plugins/com.st.stm32cube.ide.mcu.externaltools.gnu-tools-for-stm32.7-2018-q2-update.linux64_1.0.0.201904181610/tools/bin/../lib/gcc/arm-none-eabi/7.3.1/thumb/v7e-m/fpv4-sp/hard/libgcc.a(_udivmoddi4.o)
                0x00000000080001f8                __udivmoddi4
 .text          0x00000000080004c4        0x4 /home/muaddib/st/stm32cubeide_1.3.0_2/plugins/com.st.stm32cube.ide.mcu.externaltools.gnu-tools-for-stm32.7-2018-q2-update.linux64_1.0.0.201904181610/tools/bin/../lib/gcc/arm-none-eabi/7.3.1/thumb/v7e-m/fpv4-sp/hard/libgcc.a(_dvmd_tls.o)
                0x00000000080004c4                __aeabi_ldiv0
                0x00000000080004c4                __aeabi_idiv0
 *(.text*)
 .text.main     0x00000000080004c8       0x50 Core/Src/main.o
                0x00000000080004c8                main
 .text.SystemClock_Config
                0x0000000008000518       0xd4 Core/Src/main.o
                0x0000000008000518                SystemClock_Config
 .text.MX_GPIO_Init
                0x00000000080005ec       0x78 Core/Src/main.o
 .text.Error_Handler
                0x0000000008000664        0xe Core/Src/main.o
                0x0000000008000664                Error_Handler
 *fill*         0x0000000008000672        0x2 
 .text.HAL_MspInit
                0x0000000008000674       0x50 Core/Src/stm32f4xx_hal_msp.o
                0x0000000008000674                HAL_MspInit
 .text.NMI_Handler
                0x00000000080006c4        0xe Core/Src/stm32f4xx_it.o
                0x00000000080006c4                NMI_Handler
 .text.HardFault_Handler
                0x00000000080006d2        0x6 Core/Src/stm32f4xx_it.o
                0x00000000080006d2                HardFault_Handler
 .text.MemManage_Handler
                0x00000000080006d8        0x6 Core/Src/stm32f4xx_it.o
                0x00000000080006d8                MemManage_Handler
 .text.BusFault_Handler
                0x00000000080006de        0x6 Core/Src/stm32f4xx_it.o
                0x00000000080006de                BusFault_Handler
 .text.UsageFault_Handler
                0x00000000080006e4        0x6 Core/Src/stm32f4xx_it.o
                0x00000000080006e4                UsageFault_Handler
 .text.SVC_Handler
                0x00000000080006ea        0xe Core/Src/stm32f4xx_it.o
                0x00000000080006ea                SVC_Handler
 .text.DebugMon_Handler
                0x00000000080006f8        0xe Core/Src/stm32f4xx_it.o
                0x00000000080006f8                DebugMon_Handler
 .text.PendSV_Handler
                0x0000000008000706        0xe Core/Src/stm32f4xx_it.o
                0x0000000008000706                PendSV_Handler
 .text.SysTick_Handler
                0x0000000008000714        0xc Core/Src/stm32f4xx_it.o
                0x0000000008000714                SysTick_Handler
 .text.OTG_FS_IRQHandler
                0x0000000008000720       0x14 Core/Src/stm32f4xx_it.o
                0x0000000008000720                OTG_FS_IRQHandler
 .text.SystemInit
                0x0000000008000734       0x2c Core/Src/system_stm32f4xx.o
                0x0000000008000734                SystemInit
 .text.Reset_Handler
                0x0000000008000760       0x50 Core/Startup/startup_stm32f407vgtx.o
                0x0000000008000760                Reset_Handler
 .text.Default_Handler
                0x00000000080007b0        0x2 Core/Startup/startup_stm32f407vgtx.o
                0x00000000080007b0                RTC_Alarm_IRQHandler
                0x00000000080007b0                HASH_RNG_IRQHandler
                0x00000000080007b0                EXTI2_IRQHandler
                0x00000000080007b0                TIM8_CC_IRQHandler
                0x00000000080007b0                TIM1_CC_IRQHandler
                0x00000000080007b0                DMA2_Stream5_IRQHandler
                0x00000000080007b0                DMA1_Stream5_IRQHandler
                0x00000000080007b0                PVD_IRQHandler
                0x00000000080007b0                SDIO_IRQHandler
                0x00000000080007b0                TAMP_STAMP_IRQHandler
                0x00000000080007b0                CAN2_RX1_IRQHandler
                0x00000000080007b0                EXTI3_IRQHandler
                0x00000000080007b0                TIM8_TRG_COM_TIM14_IRQHandler
                0x00000000080007b0                TIM1_UP_TIM10_IRQHandler
                0x00000000080007b0                TIM8_UP_TIM13_IRQHandler
                0x00000000080007b0                I2C3_ER_IRQHandler
                0x00000000080007b0                EXTI0_IRQHandler
                0x00000000080007b0                I2C2_EV_IRQHandler
                0x00000000080007b0                DMA1_Stream2_IRQHandler
                0x00000000080007b0                CAN1_RX0_IRQHandler
                0x00000000080007b0                FPU_IRQHandler
                0x00000000080007b0                OTG_HS_WKUP_IRQHandler
                0x00000000080007b0                CAN2_SCE_IRQHandler
                0x00000000080007b0                DMA2_Stream2_IRQHandler
                0x00000000080007b0                SPI1_IRQHandler
                0x00000000080007b0                TIM6_DAC_IRQHandler
                0x00000000080007b0                TIM1_BRK_TIM9_IRQHandler
                0x00000000080007b0                DCMI_IRQHandler
                0x00000000080007b0                CAN2_RX0_IRQHandler
                0x00000000080007b0                DMA2_Stream3_IRQHandler
                0x00000000080007b0                USART6_IRQHandler
                0x00000000080007b0                USART3_IRQHandler
                0x00000000080007b0                CAN1_RX1_IRQHandler
                0x00000000080007b0                UART5_IRQHandler
                0x00000000080007b0                DMA2_Stream0_IRQHandler
                0x00000000080007b0                TIM4_IRQHandler
                0x00000000080007b0                I2C1_EV_IRQHandler
                0x00000000080007b0                DMA1_Stream6_IRQHandler
                0x00000000080007b0                DMA1_Stream1_IRQHandler
                0x00000000080007b0                UART4_IRQHandler
                0x00000000080007b0                TIM3_IRQHandler
                0x00000000080007b0                RCC_IRQHandler
                0x00000000080007b0                TIM8_BRK_TIM12_IRQHandler
                0x00000000080007b0                Default_Handler
                0x00000000080007b0                EXTI15_10_IRQHandler
                0x00000000080007b0                ADC_IRQHandler
                0x00000000080007b0                DMA1_Stream7_IRQHandler
                0x00000000080007b0                TIM7_IRQHandler
                0x00000000080007b0                CAN2_TX_IRQHandler
                0x00000000080007b0                TIM5_IRQHandler
                0x00000000080007b0                DMA2_Stream7_IRQHandler
                0x00000000080007b0                I2C3_EV_IRQHandler
                0x00000000080007b0                EXTI9_5_IRQHandler
                0x00000000080007b0                RTC_WKUP_IRQHandler
                0x00000000080007b0                ETH_WKUP_IRQHandler
                0x00000000080007b0                SPI2_IRQHandler
                0x00000000080007b0                OTG_HS_EP1_IN_IRQHandler
                0x00000000080007b0                DMA1_Stream0_IRQHandler
                0x00000000080007b0                CAN1_TX_IRQHandler
                0x00000000080007b0                EXTI4_IRQHandler
                0x00000000080007b0                FSMC_IRQHandler
                0x00000000080007b0                ETH_IRQHandler
                0x00000000080007b0                OTG_HS_EP1_OUT_IRQHandler
                0x00000000080007b0                WWDG_IRQHandler
                0x00000000080007b0                TIM2_IRQHandler
                0x00000000080007b0                OTG_FS_WKUP_IRQHandler
                0x00000000080007b0                TIM1_TRG_COM_TIM11_IRQHandler
                0x00000000080007b0                OTG_HS_IRQHandler
                0x00000000080007b0                EXTI1_IRQHandler
                0x00000000080007b0                USART2_IRQHandler
                0x00000000080007b0                I2C2_ER_IRQHandler
                0x00000000080007b0                DMA2_Stream1_IRQHandler
                0x00000000080007b0                CAN1_SCE_IRQHandler
                0x00000000080007b0                FLASH_IRQHandler
                0x00000000080007b0                DMA2_Stream4_IRQHandler
                0x00000000080007b0                USART1_IRQHandler
                0x00000000080007b0                SPI3_IRQHandler
                0x00000000080007b0                DMA1_Stream4_IRQHandler
                0x00000000080007b0                I2C1_ER_IRQHandler
                0x00000000080007b0                DMA2_Stream6_IRQHandler
                0x00000000080007b0                DMA1_Stream3_IRQHandler
 *fill*         0x00000000080007b2        0x2 
 .text.HAL_Init
                0x00000000080007b4       0x44 Drivers/STM32F4xx_HAL_Driver/Src/stm32f4xx_hal.o
                0x00000000080007b4                HAL_Init
 .text.HAL_InitTick
                0x00000000080007f8       0x60 Drivers/STM32F4xx_HAL_Driver/Src/stm32f4xx_hal.o
                0x00000000080007f8                HAL_InitTick
 .text.HAL_IncTick
                0x0000000008000858       0x28 Drivers/STM32F4xx_HAL_Driver/Src/stm32f4xx_hal.o
                0x0000000008000858                HAL_IncTick
 .text.HAL_GetTick
                0x0000000008000880       0x18 Drivers/STM32F4xx_HAL_Driver/Src/stm32f4xx_hal.o
                0x0000000008000880                HAL_GetTick
 .text.HAL_Delay
                0x0000000008000898       0x44 Drivers/STM32F4xx_HAL_Driver/Src/stm32f4xx_hal.o
                0x0000000008000898                HAL_Delay
 .text.__NVIC_SetPriorityGrouping
                0x00000000080008dc       0x48 Drivers/STM32F4xx_HAL_Driver/Src/stm32f4xx_hal_cortex.o
 .text.__NVIC_GetPriorityGrouping
                0x0000000008000924       0x1c Drivers/STM32F4xx_HAL_Driver/Src/stm32f4xx_hal_cortex.o
 .text.__NVIC_EnableIRQ
                0x0000000008000940       0x3c Drivers/STM32F4xx_HAL_Driver/Src/stm32f4xx_hal_cortex.o
 .text.__NVIC_SetPriority
                0x000000000800097c       0x54 Drivers/STM32F4xx_HAL_Driver/Src/stm32f4xx_hal_cortex.o
 .text.NVIC_EncodePriority
                0x00000000080009d0       0x66 Drivers/STM32F4xx_HAL_Driver/Src/stm32f4xx_hal_cortex.o
 *fill*         0x0000000008000a36        0x2 
 .text.SysTick_Config
                0x0000000008000a38       0x44 Drivers/STM32F4xx_HAL_Driver/Src/stm32f4xx_hal_cortex.o
 .text.HAL_NVIC_SetPriorityGrouping
                0x0000000008000a7c       0x16 Drivers/STM32F4xx_HAL_Driver/Src/stm32f4xx_hal_cortex.o
                0x0000000008000a7c                HAL_NVIC_SetPriorityGrouping
 .text.HAL_NVIC_SetPriority
                0x0000000008000a92       0x38 Drivers/STM32F4xx_HAL_Driver/Src/stm32f4xx_hal_cortex.o
                0x0000000008000a92                HAL_NVIC_SetPriority
 .text.HAL_NVIC_EnableIRQ
                0x0000000008000aca       0x1c Drivers/STM32F4xx_HAL_Driver/Src/stm32f4xx_hal_cortex.o
                0x0000000008000aca                HAL_NVIC_EnableIRQ
 .text.HAL_SYSTICK_Config
                0x0000000008000ae6       0x18 Drivers/STM32F4xx_HAL_Driver/Src/stm32f4xx_hal_cortex.o
                0x0000000008000ae6                HAL_SYSTICK_Config
 *fill*         0x0000000008000afe        0x2 
 .text.HAL_GPIO_Init
                0x0000000008000b00      0x334 Drivers/STM32F4xx_HAL_Driver/Src/stm32f4xx_hal_gpio.o
                0x0000000008000b00                HAL_GPIO_Init
 .text.HAL_GPIO_ReadPin
                0x0000000008000e34       0x30 Drivers/STM32F4xx_HAL_Driver/Src/stm32f4xx_hal_gpio.o
                0x0000000008000e34                HAL_GPIO_ReadPin
 .text.HAL_PCD_Init
                0x0000000008000e64      0x23a Drivers/STM32F4xx_HAL_Driver/Src/stm32f4xx_hal_pcd.o
                0x0000000008000e64                HAL_PCD_Init
 .text.HAL_PCD_Start
                0x000000000800109e       0x66 Drivers/STM32F4xx_HAL_Driver/Src/stm32f4xx_hal_pcd.o
                0x000000000800109e                HAL_PCD_Start
 .text.HAL_PCD_IRQHandler
                0x0000000008001104      0x764 Drivers/STM32F4xx_HAL_Driver/Src/stm32f4xx_hal_pcd.o
                0x0000000008001104                HAL_PCD_IRQHandler
 .text.HAL_PCD_SetAddress
                0x0000000008001868       0x4a Drivers/STM32F4xx_HAL_Driver/Src/stm32f4xx_hal_pcd.o
                0x0000000008001868                HAL_PCD_SetAddress
 .text.HAL_PCD_EP_Open
                0x00000000080018b2       0xd0 Drivers/STM32F4xx_HAL_Driver/Src/stm32f4xx_hal_pcd.o
                0x00000000080018b2                HAL_PCD_EP_Open
 .text.HAL_PCD_EP_Close
                0x0000000008001982       0x94 Drivers/STM32F4xx_HAL_Driver/Src/stm32f4xx_hal_pcd.o
                0x0000000008001982                HAL_PCD_EP_Close
 .text.HAL_PCD_EP_Receive
                0x0000000008001a16       0x96 Drivers/STM32F4xx_HAL_Driver/Src/stm32f4xx_hal_pcd.o
                0x0000000008001a16                HAL_PCD_EP_Receive
 .text.HAL_PCD_EP_Transmit
                0x0000000008001aac       0x94 Drivers/STM32F4xx_HAL_Driver/Src/stm32f4xx_hal_pcd.o
                0x0000000008001aac                HAL_PCD_EP_Transmit
 .text.HAL_PCD_EP_SetStall
                0x0000000008001b40       0xc8 Drivers/STM32F4xx_HAL_Driver/Src/stm32f4xx_hal_pcd.o
                0x0000000008001b40                HAL_PCD_EP_SetStall
 .text.HAL_PCD_EP_ClrStall
                0x0000000008001c08       0xac Drivers/STM32F4xx_HAL_Driver/Src/stm32f4xx_hal_pcd.o
                0x0000000008001c08                HAL_PCD_EP_ClrStall
 .text.PCD_WriteEmptyTxFifo
                0x0000000008001cb4      0x11a Drivers/STM32F4xx_HAL_Driver/Src/stm32f4xx_hal_pcd.o
 *fill*         0x0000000008001dce        0x2 
 .text.PCD_EP_OutXfrComplete_int
                0x0000000008001dd0      0x218 Drivers/STM32F4xx_HAL_Driver/Src/stm32f4xx_hal_pcd.o
 .text.PCD_EP_OutSetupPacket_int
                0x0000000008001fe8       0x8c Drivers/STM32F4xx_HAL_Driver/Src/stm32f4xx_hal_pcd.o
 .text.HAL_PCDEx_SetTxFiFo
                0x0000000008002074       0x8e Drivers/STM32F4xx_HAL_Driver/Src/stm32f4xx_hal_pcd_ex.o
                0x0000000008002074                HAL_PCDEx_SetTxFiFo
 .text.HAL_PCDEx_SetRxFiFo
                0x0000000008002102       0x22 Drivers/STM32F4xx_HAL_Driver/Src/stm32f4xx_hal_pcd_ex.o
                0x0000000008002102                HAL_PCDEx_SetRxFiFo
 .text.HAL_PCDEx_LPM_Callback
                0x0000000008002124       0x18 Drivers/STM32F4xx_HAL_Driver/Src/stm32f4xx_hal_pcd_ex.o
                0x0000000008002124                HAL_PCDEx_LPM_Callback
 .text.HAL_RCC_OscConfig
                0x000000000800213c      0x4e0 Drivers/STM32F4xx_HAL_Driver/Src/stm32f4xx_hal_rcc.o
                0x000000000800213c                HAL_RCC_OscConfig
 .text.HAL_RCC_ClockConfig
                0x000000000800261c      0x1cc Drivers/STM32F4xx_HAL_Driver/Src/stm32f4xx_hal_rcc.o
                0x000000000800261c                HAL_RCC_ClockConfig
 .text.HAL_RCC_GetSysClockFreq
                0x00000000080027e8      0x1b0 Drivers/STM32F4xx_HAL_Driver/Src/stm32f4xx_hal_rcc.o
                0x00000000080027e8                HAL_RCC_GetSysClockFreq
 .text.HAL_RCC_GetHCLKFreq
                0x0000000008002998       0x18 Drivers/STM32F4xx_HAL_Driver/Src/stm32f4xx_hal_rcc.o
                0x0000000008002998                HAL_RCC_GetHCLKFreq
 .text.USB_CoreInit
                0x00000000080029b0       0xc2 Drivers/STM32F4xx_HAL_Driver/Src/stm32f4xx_ll_usb.o
                0x00000000080029b0                USB_CoreInit
 *fill*         0x0000000008002a72        0x2 
 .text.USB_SetTurnaroundTime
                0x0000000008002a74      0x144 Drivers/STM32F4xx_HAL_Driver/Src/stm32f4xx_ll_usb.o
                0x0000000008002a74                USB_SetTurnaroundTime
 .text.USB_EnableGlobalInt
                0x0000000008002bb8       0x22 Drivers/STM32F4xx_HAL_Driver/Src/stm32f4xx_ll_usb.o
                0x0000000008002bb8                USB_EnableGlobalInt
 .text.USB_DisableGlobalInt
                0x0000000008002bda       0x22 Drivers/STM32F4xx_HAL_Driver/Src/stm32f4xx_ll_usb.o
                0x0000000008002bda                USB_DisableGlobalInt
 .text.USB_SetCurrentMode
                0x0000000008002bfc       0x54 Drivers/STM32F4xx_HAL_Driver/Src/stm32f4xx_ll_usb.o
                0x0000000008002bfc                USB_SetCurrentMode
 .text.USB_DevInit
                0x0000000008002c50      0x2c8 Drivers/STM32F4xx_HAL_Driver/Src/stm32f4xx_ll_usb.o
                0x0000000008002c50                USB_DevInit
 .text.USB_FlushTxFifo
                0x0000000008002f18       0x4c Drivers/STM32F4xx_HAL_Driver/Src/stm32f4xx_ll_usb.o
                0x0000000008002f18                USB_FlushTxFifo
 .text.USB_FlushRxFifo
                0x0000000008002f64       0x44 Drivers/STM32F4xx_HAL_Driver/Src/stm32f4xx_ll_usb.o
                0x0000000008002f64                USB_FlushRxFifo
 .text.USB_SetDevSpeed
                0x0000000008002fa8       0x32 Drivers/STM32F4xx_HAL_Driver/Src/stm32f4xx_ll_usb.o
                0x0000000008002fa8                USB_SetDevSpeed
 .text.USB_GetDevSpeed
                0x0000000008002fda       0x4a Drivers/STM32F4xx_HAL_Driver/Src/stm32f4xx_ll_usb.o
                0x0000000008002fda                USB_GetDevSpeed
 .text.USB_ActivateEndpoint
                0x0000000008003024      0x10e Drivers/STM32F4xx_HAL_Driver/Src/stm32f4xx_ll_usb.o
                0x0000000008003024                USB_ActivateEndpoint
 *fill*         0x0000000008003132        0x2 
 .text.USB_DeactivateEndpoint
                0x0000000008003134      0x1b8 Drivers/STM32F4xx_HAL_Driver/Src/stm32f4xx_ll_usb.o
                0x0000000008003134                USB_DeactivateEndpoint
 .text.USB_EPStartXfer
                0x00000000080032ec      0x488 Drivers/STM32F4xx_HAL_Driver/Src/stm32f4xx_ll_usb.o
                0x00000000080032ec                USB_EPStartXfer
 .text.USB_EP0StartXfer
                0x0000000008003774      0x2a6 Drivers/STM32F4xx_HAL_Driver/Src/stm32f4xx_ll_usb.o
                0x0000000008003774                USB_EP0StartXfer
 .text.USB_WritePacket
                0x0000000008003a1a       0x6a Drivers/STM32F4xx_HAL_Driver/Src/stm32f4xx_ll_usb.o
                0x0000000008003a1a                USB_WritePacket
 .text.USB_ReadPacket
                0x0000000008003a84       0x52 Drivers/STM32F4xx_HAL_Driver/Src/stm32f4xx_ll_usb.o
                0x0000000008003a84                USB_ReadPacket
 .text.USB_EPSetStall
                0x0000000008003ad6       0xdc Drivers/STM32F4xx_HAL_Driver/Src/stm32f4xx_ll_usb.o
                0x0000000008003ad6                USB_EPSetStall
 .text.USB_EPClearStall
                0x0000000008003bb2       0xcc Drivers/STM32F4xx_HAL_Driver/Src/stm32f4xx_ll_usb.o
                0x0000000008003bb2                USB_EPClearStall
 .text.USB_SetDevAddress
                0x0000000008003c7e       0x4c Drivers/STM32F4xx_HAL_Driver/Src/stm32f4xx_ll_usb.o
                0x0000000008003c7e                USB_SetDevAddress
 .text.USB_DevConnect
                0x0000000008003cca       0x30 Drivers/STM32F4xx_HAL_Driver/Src/stm32f4xx_ll_usb.o
                0x0000000008003cca                USB_DevConnect
 .text.USB_DevDisconnect
                0x0000000008003cfa       0x30 Drivers/STM32F4xx_HAL_Driver/Src/stm32f4xx_ll_usb.o
                0x0000000008003cfa                USB_DevDisconnect
 .text.USB_ReadInterrupts
                0x0000000008003d2a       0x26 Drivers/STM32F4xx_HAL_Driver/Src/stm32f4xx_ll_usb.o
                0x0000000008003d2a                USB_ReadInterrupts
 .text.USB_ReadDevAllOutEpInterrupt
                0x0000000008003d50       0x34 Drivers/STM32F4xx_HAL_Driver/Src/stm32f4xx_ll_usb.o
                0x0000000008003d50                USB_ReadDevAllOutEpInterrupt
 .text.USB_ReadDevAllInEpInterrupt
                0x0000000008003d84       0x34 Drivers/STM32F4xx_HAL_Driver/Src/stm32f4xx_ll_usb.o
                0x0000000008003d84                USB_ReadDevAllInEpInterrupt
 .text.USB_ReadDevOutEPInterrupt
                0x0000000008003db8       0x3c Drivers/STM32F4xx_HAL_Driver/Src/stm32f4xx_ll_usb.o
                0x0000000008003db8                USB_ReadDevOutEPInterrupt
 .text.USB_ReadDevInEPInterrupt
                0x0000000008003df4       0x5c Drivers/STM32F4xx_HAL_Driver/Src/stm32f4xx_ll_usb.o
                0x0000000008003df4                USB_ReadDevInEPInterrupt
 .text.USB_GetMode
                0x0000000008003e50       0x1c Drivers/STM32F4xx_HAL_Driver/Src/stm32f4xx_ll_usb.o
                0x0000000008003e50                USB_GetMode
 .text.USB_ActivateSetup
                0x0000000008003e6c       0x46 Drivers/STM32F4xx_HAL_Driver/Src/stm32f4xx_ll_usb.o
                0x0000000008003e6c                USB_ActivateSetup
 *fill*         0x0000000008003eb2        0x2 
 .text.USB_EP0_OutStart
                0x0000000008003eb4       0xbc Drivers/STM32F4xx_HAL_Driver/Src/stm32f4xx_ll_usb.o
                0x0000000008003eb4                USB_EP0_OutStart
 .text.USB_CoreReset
                0x0000000008003f70       0x68 Drivers/STM32F4xx_HAL_Driver/Src/stm32f4xx_ll_usb.o
 .text.USBD_AUDIO_GetDeviceQualifierDesc
                0x0000000008003fd8       0x20 Middlewares/ST/STM32_USB_Device_Library/Class/AUDIO/Src/usbd_audio.o
 .text.USBD_AUDIO_Init
                0x0000000008003ff8       0x48 Middlewares/ST/STM32_USB_Device_Library/Class/AUDIO/Src/usbd_audio.o
 .text.USBD_AUDIO_DeInit
                0x0000000008004040       0x26 Middlewares/ST/STM32_USB_Device_Library/Class/AUDIO/Src/usbd_audio.o
 *fill*         0x0000000008004066        0x2 
 .text.USBD_AUDIO_GetCfgDesc
                0x0000000008004068       0x20 Middlewares/ST/STM32_USB_Device_Library/Class/AUDIO/Src/usbd_audio.o
 .text.USBD_AUDIO_DataIn
                0x0000000008004088       0x58 Middlewares/ST/STM32_USB_Device_Library/Class/AUDIO/Src/usbd_audio.o
 .text.USBD_AUDIO_SOF
                0x00000000080040e0       0x16 Middlewares/ST/STM32_USB_Device_Library/Class/AUDIO/Src/usbd_audio.o
 *fill*         0x00000000080040f6        0x2 
 .text.USBD_AUDIO_DataOut
                0x00000000080040f8       0x5c Middlewares/ST/STM32_USB_Device_Library/Class/AUDIO/Src/usbd_audio.o
 .text.USBD_AUDIO_RegisterInterface
                0x0000000008004154       0x2a Middlewares/ST/STM32_USB_Device_Library/Class/AUDIO/Src/usbd_audio.o
                0x0000000008004154                USBD_AUDIO_RegisterInterface
 *fill*         0x000000000800417e        0x2 
 .text.USBD_MIDI_SendPacket
                0x0000000008004180       0xd8 Middlewares/ST/STM32_USB_Device_Library/Class/AUDIO/Src/usbd_audio.o
                0x0000000008004180                USBD_MIDI_SendPacket
 .text.USBD_Init
                0x0000000008004258       0x6c Middlewares/ST/STM32_USB_Device_Library/Core/Src/usbd_core.o
                0x0000000008004258                USBD_Init
 .text.USBD_RegisterClass
                0x00000000080042c4       0x42 Middlewares/ST/STM32_USB_Device_Library/Core/Src/usbd_core.o
                0x00000000080042c4                USBD_RegisterClass
 .text.USBD_Start
                0x0000000008004306       0x18 Middlewares/ST/STM32_USB_Device_Library/Core/Src/usbd_core.o
                0x0000000008004306                USBD_Start
 .text.USBD_RunTestMode
                0x000000000800431e       0x16 Middlewares/ST/STM32_USB_Device_Library/Core/Src/usbd_core.o
                0x000000000800431e                USBD_RunTestMode
 .text.USBD_SetClassConfig
                0x0000000008004334       0x38 Middlewares/ST/STM32_USB_Device_Library/Core/Src/usbd_core.o
                0x0000000008004334                USBD_SetClassConfig
 .text.USBD_ClrClassConfig
                0x000000000800436c       0x30 Middlewares/ST/STM32_USB_Device_Library/Core/Src/usbd_core.o
                0x000000000800436c                USBD_ClrClassConfig
 .text.USBD_LL_SetupStage
                0x000000000800439c       0xa6 Middlewares/ST/STM32_USB_Device_Library/Core/Src/usbd_core.o
                0x000000000800439c                USBD_LL_SetupStage
 .text.USBD_LL_DataOutStage
                0x0000000008004442       0xc6 Middlewares/ST/STM32_USB_Device_Library/Core/Src/usbd_core.o
                0x0000000008004442                USBD_LL_DataOutStage
 .text.USBD_LL_DataInStage
                0x0000000008004508      0x12c Middlewares/ST/STM32_USB_Device_Library/Core/Src/usbd_core.o
                0x0000000008004508                USBD_LL_DataInStage
 .text.USBD_LL_Reset
                0x0000000008004634       0x82 Middlewares/ST/STM32_USB_Device_Library/Core/Src/usbd_core.o
                0x0000000008004634                USBD_LL_Reset
 .text.USBD_LL_SetSpeed
                0x00000000080046b6       0x20 Middlewares/ST/STM32_USB_Device_Library/Core/Src/usbd_core.o
                0x00000000080046b6                USBD_LL_SetSpeed
 .text.USBD_LL_Suspend
                0x00000000080046d6       0x2a Middlewares/ST/STM32_USB_Device_Library/Core/Src/usbd_core.o
                0x00000000080046d6                USBD_LL_Suspend
 .text.USBD_LL_Resume
                0x0000000008004700       0x2c Middlewares/ST/STM32_USB_Device_Library/Core/Src/usbd_core.o
                0x0000000008004700                USBD_LL_Resume
 .text.USBD_LL_SOF
                0x000000000800472c       0x34 Middlewares/ST/STM32_USB_Device_Library/Core/Src/usbd_core.o
                0x000000000800472c                USBD_LL_SOF
 .text.USBD_LL_IsoINIncomplete
                0x0000000008004760       0x1a Middlewares/ST/STM32_USB_Device_Library/Core/Src/usbd_core.o
                0x0000000008004760                USBD_LL_IsoINIncomplete
 .text.USBD_LL_IsoOUTIncomplete
                0x000000000800477a       0x1a Middlewares/ST/STM32_USB_Device_Library/Core/Src/usbd_core.o
                0x000000000800477a                USBD_LL_IsoOUTIncomplete
 .text.USBD_LL_DevConnected
                0x0000000008004794       0x16 Middlewares/ST/STM32_USB_Device_Library/Core/Src/usbd_core.o
                0x0000000008004794                USBD_LL_DevConnected
 .text.USBD_LL_DevDisconnected
                0x00000000080047aa       0x38 Middlewares/ST/STM32_USB_Device_Library/Core/Src/usbd_core.o
                0x00000000080047aa                USBD_LL_DevDisconnected
 .text.SWAPBYTE
                0x00000000080047e2       0x3c Middlewares/ST/STM32_USB_Device_Library/Core/Src/usbd_ctlreq.o
 *fill*         0x000000000800481e        0x2 
 .text.USBD_StdDevReq
                0x0000000008004820       0xdc Middlewares/ST/STM32_USB_Device_Library/Core/Src/usbd_ctlreq.o
                0x0000000008004820                USBD_StdDevReq
 .text.USBD_StdItfReq
                0x00000000080048fc       0x8c Middlewares/ST/STM32_USB_Device_Library/Core/Src/usbd_ctlreq.o
                0x00000000080048fc                USBD_StdItfReq
 .text.USBD_StdEPReq
                0x0000000008004988      0x2aa Middlewares/ST/STM32_USB_Device_Library/Core/Src/usbd_ctlreq.o
                0x0000000008004988                USBD_StdEPReq
 *fill*         0x0000000008004c32        0x2 
 .text.USBD_GetDescriptor
                0x0000000008004c34      0x2d4 Middlewares/ST/STM32_USB_Device_Library/Core/Src/usbd_ctlreq.o
 .text.USBD_SetAddress
                0x0000000008004f08       0x84 Middlewares/ST/STM32_USB_Device_Library/Core/Src/usbd_ctlreq.o
 .text.USBD_SetConfig
                0x0000000008004f8c      0x148 Middlewares/ST/STM32_USB_Device_Library/Core/Src/usbd_ctlreq.o
 .text.USBD_GetConfig
                0x00000000080050d4       0x68 Middlewares/ST/STM32_USB_Device_Library/Core/Src/usbd_ctlreq.o
 .text.USBD_GetStatus
                0x000000000800513c       0x66 Middlewares/ST/STM32_USB_Device_Library/Core/Src/usbd_ctlreq.o
 .text.USBD_SetFeature
                0x00000000080051a2       0x28 Middlewares/ST/STM32_USB_Device_Library/Core/Src/usbd_ctlreq.o
 .text.USBD_ClrFeature
                0x00000000080051ca       0x42 Middlewares/ST/STM32_USB_Device_Library/Core/Src/usbd_ctlreq.o
 .text.USBD_ParseSetupRequest
                0x000000000800520c       0x74 Middlewares/ST/STM32_USB_Device_Library/Core/Src/usbd_ctlreq.o
                0x000000000800520c                USBD_ParseSetupRequest
 .text.USBD_CtlError
                0x0000000008005280       0x22 Middlewares/ST/STM32_USB_Device_Library/Core/Src/usbd_ctlreq.o
                0x0000000008005280                USBD_CtlError
 .text.USBD_GetString
                0x00000000080052a2       0x8c Middlewares/ST/STM32_USB_Device_Library/Core/Src/usbd_ctlreq.o
                0x00000000080052a2                USBD_GetString
 .text.USBD_GetLen
                0x000000000800532e       0x34 Middlewares/ST/STM32_USB_Device_Library/Core/Src/usbd_ctlreq.o
 .text.USBD_CtlSendData
                0x0000000008005362       0x36 Middlewares/ST/STM32_USB_Device_Library/Core/Src/usbd_ioreq.o
                0x0000000008005362                USBD_CtlSendData
 .text.USBD_CtlContinueSendData
                0x0000000008005398       0x22 Middlewares/ST/STM32_USB_Device_Library/Core/Src/usbd_ioreq.o
                0x0000000008005398                USBD_CtlContinueSendData
 .text.USBD_CtlContinueRx
                0x00000000080053ba       0x22 Middlewares/ST/STM32_USB_Device_Library/Core/Src/usbd_ioreq.o
                0x00000000080053ba                USBD_CtlContinueRx
 .text.USBD_CtlSendStatus
                0x00000000080053dc       0x26 Middlewares/ST/STM32_USB_Device_Library/Core/Src/usbd_ioreq.o
                0x00000000080053dc                USBD_CtlSendStatus
 .text.USBD_CtlReceiveStatus
                0x0000000008005402       0x26 Middlewares/ST/STM32_USB_Device_Library/Core/Src/usbd_ioreq.o
                0x0000000008005402                USBD_CtlReceiveStatus
 .text.MX_USB_DEVICE_Init
                0x0000000008005428       0x60 USB_DEVICE/App/usb_device.o
                0x0000000008005428                MX_USB_DEVICE_Init
 .text.AUDIO_Init_FS
                0x0000000008005488       0x1a USB_DEVICE/App/usbd_audio_if.o
 .text.AUDIO_DeInit_FS
                0x00000000080054a2       0x16 USB_DEVICE/App/usbd_audio_if.o
 .text.AUDIO_AudioCmd_FS
                0x00000000080054b8       0x1c USB_DEVICE/App/usbd_audio_if.o
 .text.MIDI_DataTx_FS
                0x00000000080054d4       0x60 USB_DEVICE/App/usbd_audio_if.o
 .text.MIDI_DataRx_FS
                0x0000000008005534      0x1ac USB_DEVICE/App/usbd_audio_if.o
 .text.USBD_SendMidiMessages
                0x00000000080056e0       0x38 USB_DEVICE/App/usbd_audio_if.o
                0x00000000080056e0                USBD_SendMidiMessages
 .text.USBD_AddNoteOn
                0x0000000008005718       0x70 USB_DEVICE/App/usbd_audio_if.o
                0x0000000008005718                USBD_AddNoteOn
 .text.USBD_FS_DeviceDescriptor
                0x0000000008005788       0x24 USB_DEVICE/App/usbd_desc.o
                0x0000000008005788                USBD_FS_DeviceDescriptor
 .text.USBD_FS_LangIDStrDescriptor
                0x00000000080057ac       0x24 USB_DEVICE/App/usbd_desc.o
                0x00000000080057ac                USBD_FS_LangIDStrDescriptor
 .text.USBD_FS_ProductStrDescriptor
                0x00000000080057d0       0x3c USB_DEVICE/App/usbd_desc.o
                0x00000000080057d0                USBD_FS_ProductStrDescriptor
 .text.USBD_FS_ManufacturerStrDescriptor
                0x000000000800580c       0x28 USB_DEVICE/App/usbd_desc.o
                0x000000000800580c                USBD_FS_ManufacturerStrDescriptor
 .text.USBD_FS_SerialStrDescriptor
                0x0000000008005834       0x24 USB_DEVICE/App/usbd_desc.o
                0x0000000008005834                USBD_FS_SerialStrDescriptor
 .text.USBD_FS_ConfigStrDescriptor
                0x0000000008005858       0x3c USB_DEVICE/App/usbd_desc.o
                0x0000000008005858                USBD_FS_ConfigStrDescriptor
 .text.USBD_FS_InterfaceStrDescriptor
                0x0000000008005894       0x3c USB_DEVICE/App/usbd_desc.o
                0x0000000008005894                USBD_FS_InterfaceStrDescriptor
 .text.Get_SerialNum
                0x00000000080058d0       0x58 USB_DEVICE/App/usbd_desc.o
 .text.IntToUnicode
                0x0000000008005928       0x7c USB_DEVICE/App/usbd_desc.o
 .text.HAL_PCD_MspInit
                0x00000000080059a4       0xa8 USB_DEVICE/Target/usbd_conf.o
                0x00000000080059a4                HAL_PCD_MspInit
 .text.HAL_PCD_SetupStageCallback
                0x0000000008005a4c       0x24 USB_DEVICE/Target/usbd_conf.o
                0x0000000008005a4c                HAL_PCD_SetupStageCallback
 .text.HAL_PCD_DataOutStageCallback
                0x0000000008005a70       0x36 USB_DEVICE/Target/usbd_conf.o
                0x0000000008005a70                HAL_PCD_DataOutStageCallback
 .text.HAL_PCD_DataInStageCallback
                0x0000000008005aa6       0x34 USB_DEVICE/Target/usbd_conf.o
                0x0000000008005aa6                HAL_PCD_DataInStageCallback
 .text.HAL_PCD_SOFCallback
                0x0000000008005ada       0x1c USB_DEVICE/Target/usbd_conf.o
                0x0000000008005ada                HAL_PCD_SOFCallback
 .text.HAL_PCD_ResetCallback
                0x0000000008005af6       0x50 USB_DEVICE/Target/usbd_conf.o
                0x0000000008005af6                HAL_PCD_ResetCallback
 *fill*         0x0000000008005b46        0x2 
 .text.HAL_PCD_SuspendCallback
                0x0000000008005b48       0x4c USB_DEVICE/Target/usbd_conf.o
                0x0000000008005b48                HAL_PCD_SuspendCallback
 .text.HAL_PCD_ResumeCallback
                0x0000000008005b94       0x1c USB_DEVICE/Target/usbd_conf.o
                0x0000000008005b94                HAL_PCD_ResumeCallback
 .text.HAL_PCD_ISOOUTIncompleteCallback
                0x0000000008005bb0       0x24 USB_DEVICE/Target/usbd_conf.o
                0x0000000008005bb0                HAL_PCD_ISOOUTIncompleteCallback
 .text.HAL_PCD_ISOINIncompleteCallback
                0x0000000008005bd4       0x24 USB_DEVICE/Target/usbd_conf.o
                0x0000000008005bd4                HAL_PCD_ISOINIncompleteCallback
 .text.HAL_PCD_ConnectCallback
                0x0000000008005bf8       0x1c USB_DEVICE/Target/usbd_conf.o
                0x0000000008005bf8                HAL_PCD_ConnectCallback
 .text.HAL_PCD_DisconnectCallback
                0x0000000008005c14       0x1c USB_DEVICE/Target/usbd_conf.o
                0x0000000008005c14                HAL_PCD_DisconnectCallback
 .text.USBD_LL_Init
                0x0000000008005c30       0x98 USB_DEVICE/Target/usbd_conf.o
                0x0000000008005c30                USBD_LL_Init
 .text.USBD_LL_Start
                0x0000000008005cc8       0x36 USB_DEVICE/Target/usbd_conf.o
                0x0000000008005cc8                USBD_LL_Start
 .text.USBD_LL_OpenEP
                0x0000000008005cfe       0x4c USB_DEVICE/Target/usbd_conf.o
                0x0000000008005cfe                USBD_LL_OpenEP
 .text.USBD_LL_CloseEP
                0x0000000008005d4a       0x3e USB_DEVICE/Target/usbd_conf.o
                0x0000000008005d4a                USBD_LL_CloseEP
 .text.USBD_LL_StallEP
                0x0000000008005d88       0x3e USB_DEVICE/Target/usbd_conf.o
                0x0000000008005d88                USBD_LL_StallEP
 .text.USBD_LL_ClearStallEP
                0x0000000008005dc6       0x3e USB_DEVICE/Target/usbd_conf.o
                0x0000000008005dc6                USBD_LL_ClearStallEP
 .text.USBD_LL_IsStallEP
                0x0000000008005e04       0x58 USB_DEVICE/Target/usbd_conf.o
                0x0000000008005e04                USBD_LL_IsStallEP
 .text.USBD_LL_SetUSBAddress
                0x0000000008005e5c       0x3e USB_DEVICE/Target/usbd_conf.o
                0x0000000008005e5c                USBD_LL_SetUSBAddress
 .text.USBD_LL_Transmit
                0x0000000008005e9a       0x42 USB_DEVICE/Target/usbd_conf.o
                0x0000000008005e9a                USBD_LL_Transmit
 .text.USBD_LL_PrepareReceive
                0x0000000008005edc       0x42 USB_DEVICE/Target/usbd_conf.o
                0x0000000008005edc                USBD_LL_PrepareReceive
 *fill*         0x0000000008005f1e        0x2 
 .text.USBD_Get_USB_Status
                0x0000000008005f20       0x58 USB_DEVICE/Target/usbd_conf.o
                0x0000000008005f20                USBD_Get_USB_Status
 .text.__libc_init_array
                0x0000000008005f78       0x48 /home/muaddib/st/stm32cubeide_1.3.0_2/plugins/com.st.stm32cube.ide.mcu.externaltools.gnu-tools-for-stm32.7-2018-q2-update.linux64_1.0.0.201904181610/tools/bin/../lib/gcc/arm-none-eabi/7.3.1/../../../../arm-none-eabi/lib/thumb/v7e-m/fpv4-sp/hard/libc_nano.a(lib_a-init.o)
                0x0000000008005f78                __libc_init_array
 .text.memset   0x0000000008005fc0       0x10 /home/muaddib/st/stm32cubeide_1.3.0_2/plugins/com.st.stm32cube.ide.mcu.externaltools.gnu-tools-for-stm32.7-2018-q2-update.linux64_1.0.0.201904181610/tools/bin/../lib/gcc/arm-none-eabi/7.3.1/../../../../arm-none-eabi/lib/thumb/v7e-m/fpv4-sp/hard/libc_nano.a(lib_a-memset.o)
                0x0000000008005fc0                memset
 *(.glue_7)
 .glue_7        0x0000000008005fd0        0x0 linker stubs
 *(.glue_7t)
 .glue_7t       0x0000000008005fd0        0x0 linker stubs
 *(.eh_frame)
 .eh_frame      0x0000000008005fd0        0x0 /home/muaddib/st/stm32cubeide_1.3.0_2/plugins/com.st.stm32cube.ide.mcu.externaltools.gnu-tools-for-stm32.7-2018-q2-update.linux64_1.0.0.201904181610/tools/bin/../lib/gcc/arm-none-eabi/7.3.1/thumb/v7e-m/fpv4-sp/hard/crtbegin.o
 *(.init)
 .init          0x0000000008005fd0        0x4 /home/muaddib/st/stm32cubeide_1.3.0_2/plugins/com.st.stm32cube.ide.mcu.externaltools.gnu-tools-for-stm32.7-2018-q2-update.linux64_1.0.0.201904181610/tools/bin/../lib/gcc/arm-none-eabi/7.3.1/thumb/v7e-m/fpv4-sp/hard/crti.o
                0x0000000008005fd0                _init
 .init          0x0000000008005fd4        0x8 /home/muaddib/st/stm32cubeide_1.3.0_2/plugins/com.st.stm32cube.ide.mcu.externaltools.gnu-tools-for-stm32.7-2018-q2-update.linux64_1.0.0.201904181610/tools/bin/../lib/gcc/arm-none-eabi/7.3.1/thumb/v7e-m/fpv4-sp/hard/crtn.o
 *(.fini)
 .fini          0x0000000008005fdc        0x4 /home/muaddib/st/stm32cubeide_1.3.0_2/plugins/com.st.stm32cube.ide.mcu.externaltools.gnu-tools-for-stm32.7-2018-q2-update.linux64_1.0.0.201904181610/tools/bin/../lib/gcc/arm-none-eabi/7.3.1/thumb/v7e-m/fpv4-sp/hard/crti.o
                0x0000000008005fdc                _fini
 .fini          0x0000000008005fe0        0x8 /home/muaddib/st/stm32cubeide_1.3.0_2/plugins/com.st.stm32cube.ide.mcu.externaltools.gnu-tools-for-stm32.7-2018-q2-update.linux64_1.0.0.201904181610/tools/bin/../lib/gcc/arm-none-eabi/7.3.1/thumb/v7e-m/fpv4-sp/hard/crtn.o
                0x0000000008005fe8                . = ALIGN (0x4)
                0x0000000008005fe8                _etext = .

.vfp11_veneer   0x0000000008005fe8        0x0
 .vfp11_veneer  0x0000000008005fe8        0x0 linker stubs

.v4_bx          0x0000000008005fe8        0x0
 .v4_bx         0x0000000008005fe8        0x0 linker stubs

.iplt           0x0000000008005fe8        0x0
 .iplt          0x0000000008005fe8        0x0 /home/muaddib/st/stm32cubeide_1.3.0_2/plugins/com.st.stm32cube.ide.mcu.externaltools.gnu-tools-for-stm32.7-2018-q2-update.linux64_1.0.0.201904181610/tools/bin/../lib/gcc/arm-none-eabi/7.3.1/thumb/v7e-m/fpv4-sp/hard/crtbegin.o

.rodata         0x0000000008005fe8       0x44
                0x0000000008005fe8                . = ALIGN (0x4)
 *(.rodata)
 .rodata        0x0000000008005fe8       0x33 USB_DEVICE/App/usbd_desc.o
 *(.rodata*)
 *fill*         0x000000000800601b        0x1 
 .rodata.AHBPrescTable
                0x000000000800601c       0x10 Core/Src/system_stm32f4xx.o
                0x000000000800601c                AHBPrescTable
                0x000000000800602c                . = ALIGN (0x4)

.ARM.extab      0x000000000800602c        0x0
                0x000000000800602c                . = ALIGN (0x4)
 *(.ARM.extab* .gnu.linkonce.armextab.*)
                0x000000000800602c                . = ALIGN (0x4)

.ARM            0x000000000800602c        0x8
                0x000000000800602c                . = ALIGN (0x4)
                0x000000000800602c                __exidx_start = .
 *(.ARM.exidx*)
 .ARM.exidx     0x000000000800602c        0x8 /home/muaddib/st/stm32cubeide_1.3.0_2/plugins/com.st.stm32cube.ide.mcu.externaltools.gnu-tools-for-stm32.7-2018-q2-update.linux64_1.0.0.201904181610/tools/bin/../lib/gcc/arm-none-eabi/7.3.1/thumb/v7e-m/fpv4-sp/hard/libgcc.a(_udivmoddi4.o)
                0x0000000008006034                __exidx_end = .
                0x0000000008006034                . = ALIGN (0x4)

.rel.dyn        0x0000000008006034        0x0
 .rel.iplt      0x0000000008006034        0x0 /home/muaddib/st/stm32cubeide_1.3.0_2/plugins/com.st.stm32cube.ide.mcu.externaltools.gnu-tools-for-stm32.7-2018-q2-update.linux64_1.0.0.201904181610/tools/bin/../lib/gcc/arm-none-eabi/7.3.1/thumb/v7e-m/fpv4-sp/hard/crtbegin.o

.preinit_array  0x0000000008006034        0x0
                0x0000000008006034                . = ALIGN (0x4)
                0x0000000008006034                PROVIDE (__preinit_array_start = .)
 *(.preinit_array*)
                0x0000000008006034                PROVIDE (__preinit_array_end = .)
                0x0000000008006034                . = ALIGN (0x4)

.init_array     0x0000000008006034        0x4
                0x0000000008006034                . = ALIGN (0x4)
                0x0000000008006034                PROVIDE (__init_array_start = .)
 *(SORT_BY_NAME(.init_array.*))
 *(.init_array*)
 .init_array    0x0000000008006034        0x4 /home/muaddib/st/stm32cubeide_1.3.0_2/plugins/com.st.stm32cube.ide.mcu.externaltools.gnu-tools-for-stm32.7-2018-q2-update.linux64_1.0.0.201904181610/tools/bin/../lib/gcc/arm-none-eabi/7.3.1/thumb/v7e-m/fpv4-sp/hard/crtbegin.o
                0x0000000008006038                PROVIDE (__init_array_end = .)
                0x0000000008006038                . = ALIGN (0x4)

.fini_array     0x0000000008006038        0x4
                0x0000000008006038                . = ALIGN (0x4)
                [!provide]                        PROVIDE (__fini_array_start = .)
 *(SORT_BY_NAME(.fini_array.*))
 *(.fini_array*)
 .fini_array    0x0000000008006038        0x4 /home/muaddib/st/stm32cubeide_1.3.0_2/plugins/com.st.stm32cube.ide.mcu.externaltools.gnu-tools-for-stm32.7-2018-q2-update.linux64_1.0.0.201904181610/tools/bin/../lib/gcc/arm-none-eabi/7.3.1/thumb/v7e-m/fpv4-sp/hard/crtbegin.o
                [!provide]                        PROVIDE (__fini_array_end = .)
                0x000000000800603c                . = ALIGN (0x4)
                0x000000000800603c                _sidata = LOADADDR (.data)

.data           0x0000000020000000      0x13c load address 0x000000000800603c
                0x0000000020000000                . = ALIGN (0x4)
                0x0000000020000000                _sdata = .
 *(.data)
 *(.data*)
 .data.SystemCoreClock
                0x0000000020000000        0x4 Core/Src/system_stm32f4xx.o
                0x0000000020000000                SystemCoreClock
 .data.uwTickPrio
                0x0000000020000004        0x4 Drivers/STM32F4xx_HAL_Driver/Src/stm32f4xx_hal.o
                0x0000000020000004                uwTickPrio
 .data.uwTickFreq
                0x0000000020000008        0x1 Drivers/STM32F4xx_HAL_Driver/Src/stm32f4xx_hal.o
                0x0000000020000008                uwTickFreq
 *fill*         0x0000000020000009        0x3 
 .data.USBD_AUDIO
                0x000000002000000c       0x38 Middlewares/ST/STM32_USB_Device_Library/Class/AUDIO/Src/usbd_audio.o
                0x000000002000000c                USBD_AUDIO
 .data.USBD_AUDIO_DeviceQualifierDesc
                0x0000000020000044        0xa Middlewares/ST/STM32_USB_Device_Library/Class/AUDIO/Src/usbd_audio.o
 *fill*         0x000000002000004e        0x2 
 .data.USBD_AUDIO_CfgDesc
                0x0000000020000050       0x85 Middlewares/ST/STM32_USB_Device_Library/Class/AUDIO/Src/usbd_audio.o
 *fill*         0x00000000200000d5        0x3 
 .data.USBD_AUDIO_fops_FS
                0x00000000200000d8       0x14 USB_DEVICE/App/usbd_audio_if.o
                0x00000000200000d8                USBD_AUDIO_fops_FS
 .data.FS_Desc  0x00000000200000ec       0x1c USB_DEVICE/App/usbd_desc.o
                0x00000000200000ec                FS_Desc
 .data.USBD_FS_DeviceDesc
                0x0000000020000108       0x12 USB_DEVICE/App/usbd_desc.o
                0x0000000020000108                USBD_FS_DeviceDesc
 *fill*         0x000000002000011a        0x2 
 .data.USBD_LangIDDesc
                0x000000002000011c        0x4 USB_DEVICE/App/usbd_desc.o
                0x000000002000011c                USBD_LangIDDesc
 .data.USBD_StringSerial
                0x0000000020000120       0x1a USB_DEVICE/App/usbd_desc.o
                0x0000000020000120                USBD_StringSerial
                0x000000002000013c                . = ALIGN (0x4)
 *fill*         0x000000002000013a        0x2 
                0x000000002000013c                _edata = .

.igot.plt       0x000000002000013c        0x0 load address 0x0000000008006178
 .igot.plt      0x000000002000013c        0x0 /home/muaddib/st/stm32cubeide_1.3.0_2/plugins/com.st.stm32cube.ide.mcu.externaltools.gnu-tools-for-stm32.7-2018-q2-update.linux64_1.0.0.201904181610/tools/bin/../lib/gcc/arm-none-eabi/7.3.1/thumb/v7e-m/fpv4-sp/hard/crtbegin.o
                0x000000002000013c                . = ALIGN (0x4)

.bss            0x000000002000013c     0x2154 load address 0x0000000008006178
                0x000000002000013c                _sbss = .
                0x000000002000013c                __bss_start__ = _sbss
 *(.bss)
 .bss           0x000000002000013c       0x1c /home/muaddib/st/stm32cubeide_1.3.0_2/plugins/com.st.stm32cube.ide.mcu.externaltools.gnu-tools-for-stm32.7-2018-q2-update.linux64_1.0.0.201904181610/tools/bin/../lib/gcc/arm-none-eabi/7.3.1/thumb/v7e-m/fpv4-sp/hard/crtbegin.o
 *(.bss*)
 .bss.pInstance
                0x0000000020000158        0x4 Middlewares/ST/STM32_USB_Device_Library/Class/AUDIO/Src/usbd_audio.o
                0x0000000020000158                pInstance
 .bss.APP_Rx_ptr_in
                0x000000002000015c        0x4 Middlewares/ST/STM32_USB_Device_Library/Class/AUDIO/Src/usbd_audio.o
                0x000000002000015c                APP_Rx_ptr_in
 .bss.APP_Rx_ptr_out
                0x0000000020000160        0x4 Middlewares/ST/STM32_USB_Device_Library/Class/AUDIO/Src/usbd_audio.o
                0x0000000020000160                APP_Rx_ptr_out
 .bss.APP_Rx_length
                0x0000000020000164        0x4 Middlewares/ST/STM32_USB_Device_Library/Class/AUDIO/Src/usbd_audio.o
                0x0000000020000164                APP_Rx_length
 .bss.USB_Tx_State
                0x0000000020000168        0x1 Middlewares/ST/STM32_USB_Device_Library/Class/AUDIO/Src/usbd_audio.o
                0x0000000020000168                USB_Tx_State
 .bss.cfgidx.9743
                0x0000000020000169        0x1 Middlewares/ST/STM32_USB_Device_Library/Core/Src/usbd_ctlreq.o
 *(COMMON)
 *fill*         0x000000002000016a        0x2 
 COMMON         0x000000002000016c        0x4 Drivers/STM32F4xx_HAL_Driver/Src/stm32f4xx_hal.o
                0x000000002000016c                uwTick
 COMMON         0x0000000020000170      0x840 Middlewares/ST/STM32_USB_Device_Library/Class/AUDIO/Src/usbd_audio.o
                0x0000000020000170                USB_Rx_Buffer
                0x00000000200001b0                APP_Rx_Buffer
 COMMON         0x00000000200009b0      0x2d0 USB_DEVICE/App/usb_device.o
                0x00000000200009b0                hUsbDeviceFS
 COMMON         0x0000000020000c80     0x1008 USB_DEVICE/App/usbd_audio_if.o
                0x0000000020000c80                usbmidicable2
                0x0000000020001484                usbmidicable1
 COMMON         0x0000000020001c88      0x200 USB_DEVICE/App/usbd_desc.o
                0x0000000020001c88                USBD_StrDesc
 COMMON         0x0000000020001e88      0x408 USB_DEVICE/Target/usbd_conf.o
                0x0000000020001e88                hpcd_USB_OTG_FS
                0x0000000020002290                . = ALIGN (0x4)
                0x0000000020002290                _ebss = .
                0x0000000020002290                __bss_end__ = _ebss

._user_heap_stack
                0x0000000020002290      0x600 load address 0x0000000008006178
                0x0000000020002290                . = ALIGN (0x8)
                [!provide]                        PROVIDE (end = .)
                [!provide]                        PROVIDE (_end = .)
                0x0000000020002490                . = (. + _Min_Heap_Size)
 *fill*         0x0000000020002290      0x200 
                0x0000000020002890                . = (. + _Min_Stack_Size)
 *fill*         0x0000000020002490      0x400 
                0x0000000020002890                . = ALIGN (0x8)

/DISCARD/
 libc.a(*)
 libm.a(*)
 libgcc.a(*)

.ARM.attributes
                0x0000000000000000       0x30
 *(.ARM.attributes)
 .ARM.attributes
                0x0000000000000000       0x22 /home/muaddib/st/stm32cubeide_1.3.0_2/plugins/com.st.stm32cube.ide.mcu.externaltools.gnu-tools-for-stm32.7-2018-q2-update.linux64_1.0.0.201904181610/tools/bin/../lib/gcc/arm-none-eabi/7.3.1/thumb/v7e-m/fpv4-sp/hard/crti.o
 .ARM.attributes
                0x0000000000000022       0x34 /home/muaddib/st/stm32cubeide_1.3.0_2/plugins/com.st.stm32cube.ide.mcu.externaltools.gnu-tools-for-stm32.7-2018-q2-update.linux64_1.0.0.201904181610/tools/bin/../lib/gcc/arm-none-eabi/7.3.1/thumb/v7e-m/fpv4-sp/hard/crtbegin.o
 .ARM.attributes
                0x0000000000000056       0x39 Core/Src/main.o
 .ARM.attributes
                0x000000000000008f       0x39 Core/Src/stm32f4xx_hal_msp.o
 .ARM.attributes
                0x00000000000000c8       0x39 Core/Src/stm32f4xx_it.o
 .ARM.attributes
                0x0000000000000101       0x39 Core/Src/system_stm32f4xx.o
 .ARM.attributes
                0x000000000000013a       0x21 Core/Startup/startup_stm32f407vgtx.o
 .ARM.attributes
                0x000000000000015b       0x39 Drivers/STM32F4xx_HAL_Driver/Src/stm32f4xx_hal.o
 .ARM.attributes
                0x0000000000000194       0x39 Drivers/STM32F4xx_HAL_Driver/Src/stm32f4xx_hal_cortex.o
 .ARM.attributes
                0x00000000000001cd       0x39 Drivers/STM32F4xx_HAL_Driver/Src/stm32f4xx_hal_gpio.o
 .ARM.attributes
                0x0000000000000206       0x39 Drivers/STM32F4xx_HAL_Driver/Src/stm32f4xx_hal_pcd.o
 .ARM.attributes
                0x000000000000023f       0x39 Drivers/STM32F4xx_HAL_Driver/Src/stm32f4xx_hal_pcd_ex.o
 .ARM.attributes
                0x0000000000000278       0x39 Drivers/STM32F4xx_HAL_Driver/Src/stm32f4xx_hal_rcc.o
 .ARM.attributes
                0x00000000000002b1       0x39 Drivers/STM32F4xx_HAL_Driver/Src/stm32f4xx_ll_usb.o
 .ARM.attributes
                0x00000000000002ea       0x39 Middlewares/ST/STM32_USB_Device_Library/Class/AUDIO/Src/usbd_audio.o
 .ARM.attributes
                0x0000000000000323       0x39 Middlewares/ST/STM32_USB_Device_Library/Core/Src/usbd_core.o
 .ARM.attributes
                0x000000000000035c       0x39 Middlewares/ST/STM32_USB_Device_Library/Core/Src/usbd_ctlreq.o
 .ARM.attributes
                0x0000000000000395       0x39 Middlewares/ST/STM32_USB_Device_Library/Core/Src/usbd_ioreq.o
 .ARM.attributes
                0x00000000000003ce       0x39 USB_DEVICE/App/usb_device.o
 .ARM.attributes
                0x0000000000000407       0x39 USB_DEVICE/App/usbd_audio_if.o
 .ARM.attributes
                0x0000000000000440       0x39 USB_DEVICE/App/usbd_desc.o
 .ARM.attributes
                0x0000000000000479       0x39 USB_DEVICE/Target/usbd_conf.o
 .ARM.attributes
                0x00000000000004b2       0x34 /home/muaddib/st/stm32cubeide_1.3.0_2/plugins/com.st.stm32cube.ide.mcu.externaltools.gnu-tools-for-stm32.7-2018-q2-update.linux64_1.0.0.201904181610/tools/bin/../lib/gcc/arm-none-eabi/7.3.1/../../../../arm-none-eabi/lib/thumb/v7e-m/fpv4-sp/hard/libc_nano.a(lib_a-init.o)
 .ARM.attributes
                0x00000000000004e6       0x34 /home/muaddib/st/stm32cubeide_1.3.0_2/plugins/com.st.stm32cube.ide.mcu.externaltools.gnu-tools-for-stm32.7-2018-q2-update.linux64_1.0.0.201904181610/tools/bin/../lib/gcc/arm-none-eabi/7.3.1/../../../../arm-none-eabi/lib/thumb/v7e-m/fpv4-sp/hard/libc_nano.a(lib_a-memset.o)
 .ARM.attributes
                0x000000000000051a       0x22 /home/muaddib/st/stm32cubeide_1.3.0_2/plugins/com.st.stm32cube.ide.mcu.externaltools.gnu-tools-for-stm32.7-2018-q2-update.linux64_1.0.0.201904181610/tools/bin/../lib/gcc/arm-none-eabi/7.3.1/thumb/v7e-m/fpv4-sp/hard/libgcc.a(_aeabi_uldivmod.o)
 .ARM.attributes
                0x000000000000053c       0x34 /home/muaddib/st/stm32cubeide_1.3.0_2/plugins/com.st.stm32cube.ide.mcu.externaltools.gnu-tools-for-stm32.7-2018-q2-update.linux64_1.0.0.201904181610/tools/bin/../lib/gcc/arm-none-eabi/7.3.1/thumb/v7e-m/fpv4-sp/hard/libgcc.a(_udivmoddi4.o)
 .ARM.attributes
                0x0000000000000570       0x22 /home/muaddib/st/stm32cubeide_1.3.0_2/plugins/com.st.stm32cube.ide.mcu.externaltools.gnu-tools-for-stm32.7-2018-q2-update.linux64_1.0.0.201904181610/tools/bin/../lib/gcc/arm-none-eabi/7.3.1/thumb/v7e-m/fpv4-sp/hard/libgcc.a(_dvmd_tls.o)
 .ARM.attributes
                0x0000000000000592       0x22 /home/muaddib/st/stm32cubeide_1.3.0_2/plugins/com.st.stm32cube.ide.mcu.externaltools.gnu-tools-for-stm32.7-2018-q2-update.linux64_1.0.0.201904181610/tools/bin/../lib/gcc/arm-none-eabi/7.3.1/thumb/v7e-m/fpv4-sp/hard/crtn.o
OUTPUT(fmidi.elf elf32-littlearm)

.debug_info     0x0000000000000000    0x115d7
 .debug_info    0x0000000000000000     0x1447 Core/Src/main.o
 .debug_info    0x0000000000001447      0x362 Core/Src/stm32f4xx_hal_msp.o
 .debug_info    0x00000000000017a9      0x675 Core/Src/stm32f4xx_it.o
 .debug_info    0x0000000000001e1e      0x554 Core/Src/system_stm32f4xx.o
 .debug_info    0x0000000000002372       0x22 Core/Startup/startup_stm32f407vgtx.o
 .debug_info    0x0000000000002394      0x945 Drivers/STM32F4xx_HAL_Driver/Src/stm32f4xx_hal.o
 .debug_info    0x0000000000002cd9      0xe28 Drivers/STM32F4xx_HAL_Driver/Src/stm32f4xx_hal_cortex.o
 .debug_info    0x0000000000003b01      0x7b5 Drivers/STM32F4xx_HAL_Driver/Src/stm32f4xx_hal_gpio.o
 .debug_info    0x00000000000042b6     0x1114 Drivers/STM32F4xx_HAL_Driver/Src/stm32f4xx_hal_pcd.o
 .debug_info    0x00000000000053ca      0x753 Drivers/STM32F4xx_HAL_Driver/Src/stm32f4xx_hal_pcd_ex.o
 .debug_info    0x0000000000005b1d      0x904 Drivers/STM32F4xx_HAL_Driver/Src/stm32f4xx_hal_rcc.o
 .debug_info    0x0000000000006421     0x18dd Drivers/STM32F4xx_HAL_Driver/Src/stm32f4xx_ll_usb.o
 .debug_info    0x0000000000007cfe     0x15ef Middlewares/ST/STM32_USB_Device_Library/Class/AUDIO/Src/usbd_audio.o
 .debug_info    0x00000000000092ed     0x1285 Middlewares/ST/STM32_USB_Device_Library/Core/Src/usbd_core.o
 .debug_info    0x000000000000a572     0x123d Middlewares/ST/STM32_USB_Device_Library/Core/Src/usbd_ctlreq.o
 .debug_info    0x000000000000b7af      0xf88 Middlewares/ST/STM32_USB_Device_Library/Core/Src/usbd_ioreq.o
 .debug_info    0x000000000000c737      0xf92 USB_DEVICE/App/usb_device.o
 .debug_info    0x000000000000d6c9     0x11c1 USB_DEVICE/App/usbd_audio_if.o
 .debug_info    0x000000000000e88a      0xd20 USB_DEVICE/App/usbd_desc.o
 .debug_info    0x000000000000f5aa     0x202d USB_DEVICE/Target/usbd_conf.o

.debug_abbrev   0x0000000000000000     0x28ff
 .debug_abbrev  0x0000000000000000      0x245 Core/Src/main.o
 .debug_abbrev  0x0000000000000245      0x109 Core/Src/stm32f4xx_hal_msp.o
 .debug_abbrev  0x000000000000034e      0x164 Core/Src/stm32f4xx_it.o
 .debug_abbrev  0x00000000000004b2      0x12b Core/Src/system_stm32f4xx.o
 .debug_abbrev  0x00000000000005dd       0x12 Core/Startup/startup_stm32f407vgtx.o
 .debug_abbrev  0x00000000000005ef      0x1c7 Drivers/STM32F4xx_HAL_Driver/Src/stm32f4xx_hal.o
 .debug_abbrev  0x00000000000007b6      0x2fa Drivers/STM32F4xx_HAL_Driver/Src/stm32f4xx_hal_cortex.o
 .debug_abbrev  0x0000000000000ab0      0x1c9 Drivers/STM32F4xx_HAL_Driver/Src/stm32f4xx_hal_gpio.o
 .debug_abbrev  0x0000000000000c79      0x266 Drivers/STM32F4xx_HAL_Driver/Src/stm32f4xx_hal_pcd.o
 .debug_abbrev  0x0000000000000edf      0x1cf Drivers/STM32F4xx_HAL_Driver/Src/stm32f4xx_hal_pcd_ex.o
 .debug_abbrev  0x00000000000010ae      0x245 Drivers/STM32F4xx_HAL_Driver/Src/stm32f4xx_hal_rcc.o
 .debug_abbrev  0x00000000000012f3      0x26d Drivers/STM32F4xx_HAL_Driver/Src/stm32f4xx_ll_usb.o
 .debug_abbrev  0x0000000000001560      0x2d8 Middlewares/ST/STM32_USB_Device_Library/Class/AUDIO/Src/usbd_audio.o
 .debug_abbrev  0x0000000000001838      0x27d Middlewares/ST/STM32_USB_Device_Library/Core/Src/usbd_core.o
 .debug_abbrev  0x0000000000001ab5      0x2ba Middlewares/ST/STM32_USB_Device_Library/Core/Src/usbd_ctlreq.o
 .debug_abbrev  0x0000000000001d6f      0x1fc Middlewares/ST/STM32_USB_Device_Library/Core/Src/usbd_ioreq.o
 .debug_abbrev  0x0000000000001f6b      0x1e7 USB_DEVICE/App/usb_device.o
 .debug_abbrev  0x0000000000002152      0x298 USB_DEVICE/App/usbd_audio_if.o
 .debug_abbrev  0x00000000000023ea      0x265 USB_DEVICE/App/usbd_desc.o
 .debug_abbrev  0x000000000000264f      0x2b0 USB_DEVICE/Target/usbd_conf.o

.debug_aranges  0x0000000000000000      0xac8
 .debug_aranges
                0x0000000000000000       0x38 Core/Src/main.o
 .debug_aranges
                0x0000000000000038       0x20 Core/Src/stm32f4xx_hal_msp.o
 .debug_aranges
                0x0000000000000058       0x68 Core/Src/stm32f4xx_it.o
 .debug_aranges
                0x00000000000000c0       0x28 Core/Src/system_stm32f4xx.o
 .debug_aranges
                0x00000000000000e8       0x28 Core/Startup/startup_stm32f407vgtx.o
 .debug_aranges
                0x0000000000000110       0xf0 Drivers/STM32F4xx_HAL_Driver/Src/stm32f4xx_hal.o
 .debug_aranges
                0x0000000000000200      0x118 Drivers/STM32F4xx_HAL_Driver/Src/stm32f4xx_hal_cortex.o
 .debug_aranges
                0x0000000000000318       0x58 Drivers/STM32F4xx_HAL_Driver/Src/stm32f4xx_hal_gpio.o
 .debug_aranges
                0x0000000000000370      0x130 Drivers/STM32F4xx_HAL_Driver/Src/stm32f4xx_hal_pcd.o
 .debug_aranges
                0x00000000000004a0       0x38 Drivers/STM32F4xx_HAL_Driver/Src/stm32f4xx_hal_pcd_ex.o
 .debug_aranges
                0x00000000000004d8       0x88 Drivers/STM32F4xx_HAL_Driver/Src/stm32f4xx_hal_rcc.o
 .debug_aranges
                0x0000000000000560      0x198 Drivers/STM32F4xx_HAL_Driver/Src/stm32f4xx_ll_usb.o
 .debug_aranges
                0x00000000000006f8       0x60 Middlewares/ST/STM32_USB_Device_Library/Class/AUDIO/Src/usbd_audio.o
 .debug_aranges
                0x0000000000000758       0xb8 Middlewares/ST/STM32_USB_Device_Library/Core/Src/usbd_core.o
 .debug_aranges
                0x0000000000000810       0x90 Middlewares/ST/STM32_USB_Device_Library/Core/Src/usbd_ctlreq.o
 .debug_aranges
                0x00000000000008a0       0x50 Middlewares/ST/STM32_USB_Device_Library/Core/Src/usbd_ioreq.o
 .debug_aranges
                0x00000000000008f0       0x20 USB_DEVICE/App/usb_device.o
 .debug_aranges
                0x0000000000000910       0x58 USB_DEVICE/App/usbd_audio_if.o
 .debug_aranges
                0x0000000000000968       0x60 USB_DEVICE/App/usbd_desc.o
 .debug_aranges
                0x00000000000009c8      0x100 USB_DEVICE/Target/usbd_conf.o

.debug_ranges   0x0000000000000000      0x990
 .debug_ranges  0x0000000000000000       0x28 Core/Src/main.o
 .debug_ranges  0x0000000000000028       0x10 Core/Src/stm32f4xx_hal_msp.o
 .debug_ranges  0x0000000000000038       0x58 Core/Src/stm32f4xx_it.o
 .debug_ranges  0x0000000000000090       0x18 Core/Src/system_stm32f4xx.o
 .debug_ranges  0x00000000000000a8       0x20 Core/Startup/startup_stm32f407vgtx.o
 .debug_ranges  0x00000000000000c8       0xe0 Drivers/STM32F4xx_HAL_Driver/Src/stm32f4xx_hal.o
 .debug_ranges  0x00000000000001a8      0x108 Drivers/STM32F4xx_HAL_Driver/Src/stm32f4xx_hal_cortex.o
 .debug_ranges  0x00000000000002b0       0x48 Drivers/STM32F4xx_HAL_Driver/Src/stm32f4xx_hal_gpio.o
 .debug_ranges  0x00000000000002f8      0x120 Drivers/STM32F4xx_HAL_Driver/Src/stm32f4xx_hal_pcd.o
 .debug_ranges  0x0000000000000418       0x28 Drivers/STM32F4xx_HAL_Driver/Src/stm32f4xx_hal_pcd_ex.o
 .debug_ranges  0x0000000000000440       0x78 Drivers/STM32F4xx_HAL_Driver/Src/stm32f4xx_hal_rcc.o
 .debug_ranges  0x00000000000004b8      0x188 Drivers/STM32F4xx_HAL_Driver/Src/stm32f4xx_ll_usb.o
 .debug_ranges  0x0000000000000640       0x50 Middlewares/ST/STM32_USB_Device_Library/Class/AUDIO/Src/usbd_audio.o
 .debug_ranges  0x0000000000000690       0xa8 Middlewares/ST/STM32_USB_Device_Library/Core/Src/usbd_core.o
 .debug_ranges  0x0000000000000738       0x80 Middlewares/ST/STM32_USB_Device_Library/Core/Src/usbd_ctlreq.o
 .debug_ranges  0x00000000000007b8       0x40 Middlewares/ST/STM32_USB_Device_Library/Core/Src/usbd_ioreq.o
 .debug_ranges  0x00000000000007f8       0x10 USB_DEVICE/App/usb_device.o
 .debug_ranges  0x0000000000000808       0x48 USB_DEVICE/App/usbd_audio_if.o
 .debug_ranges  0x0000000000000850       0x50 USB_DEVICE/App/usbd_desc.o
 .debug_ranges  0x00000000000008a0       0xf0 USB_DEVICE/Target/usbd_conf.o

.debug_macro    0x0000000000000000    0x22d00
 .debug_macro   0x0000000000000000      0x40a Core/Src/main.o
 .debug_macro   0x000000000000040a      0xa5a Core/Src/main.o
 .debug_macro   0x0000000000000e64      0x184 Core/Src/main.o
 .debug_macro   0x0000000000000fe8       0x2e Core/Src/main.o
 .debug_macro   0x0000000000001016       0x2f Core/Src/main.o
 .debug_macro   0x0000000000001045       0x22 Core/Src/main.o
 .debug_macro   0x0000000000001067       0x8e Core/Src/main.o
 .debug_macro   0x00000000000010f5       0x51 Core/Src/main.o
 .debug_macro   0x0000000000001146       0xef Core/Src/main.o
 .debug_macro   0x0000000000001235       0x6a Core/Src/main.o
 .debug_macro   0x000000000000129f      0x1df Core/Src/main.o
 .debug_macro   0x000000000000147e       0x1c Core/Src/main.o
 .debug_macro   0x000000000000149a       0x22 Core/Src/main.o
 .debug_macro   0x00000000000014bc       0xdf Core/Src/main.o
 .debug_macro   0x000000000000159b     0x102d Core/Src/main.o
 .debug_macro   0x00000000000025c8      0x11f Core/Src/main.o
 .debug_macro   0x00000000000026e7    0x15e3c Core/Src/main.o
 .debug_macro   0x0000000000018523       0x43 Core/Src/main.o
 .debug_macro   0x0000000000018566     0x3659 Core/Src/main.o
 .debug_macro   0x000000000001bbbf      0x174 Core/Src/main.o
 .debug_macro   0x000000000001bd33       0x5a Core/Src/main.o
 .debug_macro   0x000000000001bd8d      0x96b Core/Src/main.o
 .debug_macro   0x000000000001c6f8      0x9fe Core/Src/main.o
 .debug_macro   0x000000000001d0f6      0x174 Core/Src/main.o
 .debug_macro   0x000000000001d26a      0x117 Core/Src/main.o
 .debug_macro   0x000000000001d381      0x13e Core/Src/main.o
 .debug_macro   0x000000000001d4bf       0x27 Core/Src/main.o
 .debug_macro   0x000000000001d4e6      0x287 Core/Src/main.o
 .debug_macro   0x000000000001d76d       0x5f Core/Src/main.o
 .debug_macro   0x000000000001d7cc      0x236 Core/Src/main.o
 .debug_macro   0x000000000001da02      0x12c Core/Src/main.o
 .debug_macro   0x000000000001db2e      0x21e Core/Src/main.o
 .debug_macro   0x000000000001dd4c       0x2e Core/Src/main.o
 .debug_macro   0x000000000001dd7a      0x11a Core/Src/main.o
 .debug_macro   0x000000000001de94       0x7e Core/Src/main.o
 .debug_macro   0x000000000001df12       0x89 Core/Src/main.o
 .debug_macro   0x000000000001df9b      0x21e Core/Src/main.o
 .debug_macro   0x000000000001e1b9       0xba Core/Src/main.o
 .debug_macro   0x000000000001e273      0x12d Core/Src/main.o
 .debug_macro   0x000000000001e3a0       0x46 Core/Src/main.o
 .debug_macro   0x000000000001e3e6       0x18 Core/Src/main.o
 .debug_macro   0x000000000001e3fe       0x3c Core/Src/main.o
 .debug_macro   0x000000000001e43a       0x34 Core/Src/main.o
 .debug_macro   0x000000000001e46e       0x16 Core/Src/main.o
 .debug_macro   0x000000000001e484       0x35 Core/Src/main.o
 .debug_macro   0x000000000001e4b9      0x32a Core/Src/main.o
 .debug_macro   0x000000000001e7e3       0x10 Core/Src/main.o
 .debug_macro   0x000000000001e7f3       0x52 Core/Src/main.o
 .debug_macro   0x000000000001e845       0x1f Core/Src/main.o
 .debug_macro   0x000000000001e864       0x43 Core/Src/main.o
 .debug_macro   0x000000000001e8a7       0x20 Core/Src/main.o
 .debug_macro   0x000000000001e8c7      0x1a3 Core/Src/main.o
 .debug_macro   0x000000000001ea6a       0x10 Core/Src/main.o
 .debug_macro   0x000000000001ea7a       0x1c Core/Src/main.o
 .debug_macro   0x000000000001ea96       0x52 Core/Src/main.o
 .debug_macro   0x000000000001eae8       0x40 Core/Src/main.o
 .debug_macro   0x000000000001eb28       0x10 Core/Src/main.o
 .debug_macro   0x000000000001eb38       0x40 Core/Src/main.o
 .debug_macro   0x000000000001eb78       0xd7 Core/Src/main.o
 .debug_macro   0x000000000001ec4f       0x1c Core/Src/main.o
 .debug_macro   0x000000000001ec6b       0x3d Core/Src/main.o
 .debug_macro   0x000000000001eca8       0x16 Core/Src/main.o
 .debug_macro   0x000000000001ecbe      0x145 Core/Src/main.o
 .debug_macro   0x000000000001ee03       0x16 Core/Src/main.o
 .debug_macro   0x000000000001ee19       0x16 Core/Src/main.o
 .debug_macro   0x000000000001ee2f       0x29 Core/Src/main.o
 .debug_macro   0x000000000001ee58       0x16 Core/Src/main.o
 .debug_macro   0x000000000001ee6e       0x20 Core/Src/main.o
 .debug_macro   0x000000000001ee8e       0x6b Core/Src/main.o
 .debug_macro   0x000000000001eef9      0x1c4 Core/Src/main.o
 .debug_macro   0x000000000001f0bd       0x46 Core/Src/main.o
 .debug_macro   0x000000000001f103       0x10 Core/Src/main.o
 .debug_macro   0x000000000001f113      0x1de Core/Src/stm32f4xx_hal_msp.o
 .debug_macro   0x000000000001f2f1      0x1e8 Core/Src/stm32f4xx_it.o
 .debug_macro   0x000000000001f4d9      0x1da Core/Src/system_stm32f4xx.o
 .debug_macro   0x000000000001f6b3      0x234 Drivers/STM32F4xx_HAL_Driver/Src/stm32f4xx_hal.o
 .debug_macro   0x000000000001f8e7      0x1d4 Drivers/STM32F4xx_HAL_Driver/Src/stm32f4xx_hal_cortex.o
 .debug_macro   0x000000000001fabb      0x20a Drivers/STM32F4xx_HAL_Driver/Src/stm32f4xx_hal_gpio.o
 .debug_macro   0x000000000001fcc5      0x1e0 Drivers/STM32F4xx_HAL_Driver/Src/stm32f4xx_hal_pcd.o
 .debug_macro   0x000000000001fea5      0x1d4 Drivers/STM32F4xx_HAL_Driver/Src/stm32f4xx_hal_pcd_ex.o
 .debug_macro   0x0000000000020079      0x1f8 Drivers/STM32F4xx_HAL_Driver/Src/stm32f4xx_hal_rcc.o
 .debug_macro   0x0000000000020271      0x1d4 Drivers/STM32F4xx_HAL_Driver/Src/stm32f4xx_ll_usb.o
 .debug_macro   0x0000000000020445      0x3f7 Middlewares/ST/STM32_USB_Device_Library/Class/AUDIO/Src/usbd_audio.o
 .debug_macro   0x000000000002083c       0x40 Middlewares/ST/STM32_USB_Device_Library/Class/AUDIO/Src/usbd_audio.o
 .debug_macro   0x000000000002087c       0x94 Middlewares/ST/STM32_USB_Device_Library/Class/AUDIO/Src/usbd_audio.o
 .debug_macro   0x0000000000020910       0x57 Middlewares/ST/STM32_USB_Device_Library/Class/AUDIO/Src/usbd_audio.o
 .debug_macro   0x0000000000020967       0x97 Middlewares/ST/STM32_USB_Device_Library/Class/AUDIO/Src/usbd_audio.o
 .debug_macro   0x00000000000209fe      0x330 Middlewares/ST/STM32_USB_Device_Library/Class/AUDIO/Src/usbd_audio.o
 .debug_macro   0x0000000000020d2e       0xfd Middlewares/ST/STM32_USB_Device_Library/Class/AUDIO/Src/usbd_audio.o
 .debug_macro   0x0000000000020e2b       0xd9 Middlewares/ST/STM32_USB_Device_Library/Class/AUDIO/Src/usbd_audio.o
 .debug_macro   0x0000000000020f04       0x54 Middlewares/ST/STM32_USB_Device_Library/Class/AUDIO/Src/usbd_audio.o
 .debug_macro   0x0000000000020f58      0x3d2 Middlewares/ST/STM32_USB_Device_Library/Core/Src/usbd_core.o
 .debug_macro   0x000000000002132a      0x1ca Middlewares/ST/STM32_USB_Device_Library/Core/Src/usbd_core.o
 .debug_macro   0x00000000000214f4      0x3dc Middlewares/ST/STM32_USB_Device_Library/Core/Src/usbd_ctlreq.o
 .debug_macro   0x00000000000218d0      0x3d8 Middlewares/ST/STM32_USB_Device_Library/Core/Src/usbd_ioreq.o
 .debug_macro   0x0000000000021ca8      0x411 USB_DEVICE/App/usb_device.o
 .debug_macro   0x00000000000220b9       0x22 USB_DEVICE/App/usb_device.o
 .debug_macro   0x00000000000220db       0x16 USB_DEVICE/App/usb_device.o
 .debug_macro   0x00000000000220f1      0x3fc USB_DEVICE/App/usbd_audio_if.o
 .debug_macro   0x00000000000224ed      0x415 USB_DEVICE/App/usbd_desc.o
 .debug_macro   0x0000000000022902       0x1c USB_DEVICE/App/usbd_desc.o
 .debug_macro   0x000000000002291e      0x3e2 USB_DEVICE/Target/usbd_conf.o

.debug_line     0x0000000000000000     0xbdf5
 .debug_line    0x0000000000000000      0xa57 Core/Src/main.o
 .debug_line    0x0000000000000a57      0x6c7 Core/Src/stm32f4xx_hal_msp.o
 .debug_line    0x000000000000111e      0x77d Core/Src/stm32f4xx_it.o
 .debug_line    0x000000000000189b      0x6e2 Core/Src/system_stm32f4xx.o
 .debug_line    0x0000000000001f7d       0x85 Core/Startup/startup_stm32f407vgtx.o
 .debug_line    0x0000000000002002      0x8cc Drivers/STM32F4xx_HAL_Driver/Src/stm32f4xx_hal.o
 .debug_line    0x00000000000028ce      0x9f0 Drivers/STM32F4xx_HAL_Driver/Src/stm32f4xx_hal_cortex.o
 .debug_line    0x00000000000032be      0x8ab Drivers/STM32F4xx_HAL_Driver/Src/stm32f4xx_hal_gpio.o
 .debug_line    0x0000000000003b69      0xc43 Drivers/STM32F4xx_HAL_Driver/Src/stm32f4xx_hal_pcd.o
 .debug_line    0x00000000000047ac      0x725 Drivers/STM32F4xx_HAL_Driver/Src/stm32f4xx_hal_pcd_ex.o
 .debug_line    0x0000000000004ed1      0x924 Drivers/STM32F4xx_HAL_Driver/Src/stm32f4xx_hal_rcc.o
 .debug_line    0x00000000000057f5      0xdf6 Drivers/STM32F4xx_HAL_Driver/Src/stm32f4xx_ll_usb.o
 .debug_line    0x00000000000065eb      0xab6 Middlewares/ST/STM32_USB_Device_Library/Class/AUDIO/Src/usbd_audio.o
 .debug_line    0x00000000000070a1      0xba6 Middlewares/ST/STM32_USB_Device_Library/Core/Src/usbd_core.o
 .debug_line    0x0000000000007c47      0xc99 Middlewares/ST/STM32_USB_Device_Library/Core/Src/usbd_ctlreq.o
 .debug_line    0x00000000000088e0      0xa24 Middlewares/ST/STM32_USB_Device_Library/Core/Src/usbd_ioreq.o
 .debug_line    0x0000000000009304      0xa0c USB_DEVICE/App/usb_device.o
 .debug_line    0x0000000000009d10      0xab7 USB_DEVICE/App/usbd_audio_if.o
 .debug_line    0x000000000000a7c7      0xa58 USB_DEVICE/App/usbd_desc.o
 .debug_line    0x000000000000b21f      0xbd6 USB_DEVICE/Target/usbd_conf.o

.debug_str      0x0000000000000000    0xc2ef9
 .debug_str     0x0000000000000000    0xbfe91 Core/Src/main.o
                                      0xc023d (size before relaxing)
 .debug_str     0x00000000000bfe91       0x2c Core/Src/stm32f4xx_hal_msp.o
                                      0xbae63 (size before relaxing)
 .debug_str     0x00000000000bfebd      0x41e Core/Src/stm32f4xx_it.o
                                      0xbb1a6 (size before relaxing)
 .debug_str     0x00000000000c02db       0xc4 Core/Src/system_stm32f4xx.o
                                      0xbaeea (size before relaxing)
 .debug_str     0x00000000000c039f       0x36 Core/Startup/startup_stm32f407vgtx.o
                                         0x6f (size before relaxing)
 .debug_str     0x00000000000c03d5      0xa54 Drivers/STM32F4xx_HAL_Driver/Src/stm32f4xx_hal.o
                                      0xbb9b7 (size before relaxing)
 .debug_str     0x00000000000c0e29      0x3a5 Drivers/STM32F4xx_HAL_Driver/Src/stm32f4xx_hal_cortex.o
                                      0xbb7a6 (size before relaxing)
 .debug_str     0x00000000000c11ce      0x20c Drivers/STM32F4xx_HAL_Driver/Src/stm32f4xx_hal_gpio.o
                                      0xbb129 (size before relaxing)
 .debug_str     0x00000000000c13da      0x54c Drivers/STM32F4xx_HAL_Driver/Src/stm32f4xx_hal_pcd.o
                                      0xbb68a (size before relaxing)
 .debug_str     0x00000000000c1926      0x13f Drivers/STM32F4xx_HAL_Driver/Src/stm32f4xx_hal_pcd_ex.o
                                      0xbb28a (size before relaxing)
 .debug_str     0x00000000000c1a65      0x259 Drivers/STM32F4xx_HAL_Driver/Src/stm32f4xx_hal_rcc.o
                                      0xbb2d7 (size before relaxing)
 .debug_str     0x00000000000c1cbe      0x66e Drivers/STM32F4xx_HAL_Driver/Src/stm32f4xx_ll_usb.o
                                      0xbb7be (size before relaxing)
 .debug_str     0x00000000000c232c      0x28f Middlewares/ST/STM32_USB_Device_Library/Class/AUDIO/Src/usbd_audio.o
                                      0xc0474 (size before relaxing)
 .debug_str     0x00000000000c25bb      0x1b5 Middlewares/ST/STM32_USB_Device_Library/Core/Src/usbd_core.o
                                      0xbfea4 (size before relaxing)
 .debug_str     0x00000000000c2770      0x152 Middlewares/ST/STM32_USB_Device_Library/Core/Src/usbd_ctlreq.o
                                      0xbfe62 (size before relaxing)
 .debug_str     0x00000000000c28c2       0xc9 Middlewares/ST/STM32_USB_Device_Library/Core/Src/usbd_ioreq.o
                                      0xbfdb2 (size before relaxing)
 .debug_str     0x00000000000c298b       0xc2 USB_DEVICE/App/usb_device.o
                                      0xc0016 (size before relaxing)
 .debug_str     0x00000000000c2a4d       0xf6 USB_DEVICE/App/usbd_audio_if.o
                                      0xc0059 (size before relaxing)
 .debug_str     0x00000000000c2b43      0x262 USB_DEVICE/App/usbd_desc.o
                                      0xbfcf8 (size before relaxing)
 .debug_str     0x00000000000c2da5      0x154 USB_DEVICE/Target/usbd_conf.o
                                      0xc0a1d (size before relaxing)

.comment        0x0000000000000000       0x7b
 .comment       0x0000000000000000       0x7b Core/Src/main.o
                                         0x7c (size before relaxing)
 .comment       0x000000000000007b       0x7c Core/Src/stm32f4xx_hal_msp.o
 .comment       0x000000000000007b       0x7c Core/Src/stm32f4xx_it.o
 .comment       0x000000000000007b       0x7c Core/Src/system_stm32f4xx.o
 .comment       0x000000000000007b       0x7c Drivers/STM32F4xx_HAL_Driver/Src/stm32f4xx_hal.o
 .comment       0x000000000000007b       0x7c Drivers/STM32F4xx_HAL_Driver/Src/stm32f4xx_hal_cortex.o
 .comment       0x000000000000007b       0x7c Drivers/STM32F4xx_HAL_Driver/Src/stm32f4xx_hal_gpio.o
 .comment       0x000000000000007b       0x7c Drivers/STM32F4xx_HAL_Driver/Src/stm32f4xx_hal_pcd.o
 .comment       0x000000000000007b       0x7c Drivers/STM32F4xx_HAL_Driver/Src/stm32f4xx_hal_pcd_ex.o
 .comment       0x000000000000007b       0x7c Drivers/STM32F4xx_HAL_Driver/Src/stm32f4xx_hal_rcc.o
 .comment       0x000000000000007b       0x7c Drivers/STM32F4xx_HAL_Driver/Src/stm32f4xx_ll_usb.o
 .comment       0x000000000000007b       0x7c Middlewares/ST/STM32_USB_Device_Library/Class/AUDIO/Src/usbd_audio.o
 .comment       0x000000000000007b       0x7c Middlewares/ST/STM32_USB_Device_Library/Core/Src/usbd_core.o
 .comment       0x000000000000007b       0x7c Middlewares/ST/STM32_USB_Device_Library/Core/Src/usbd_ctlreq.o
 .comment       0x000000000000007b       0x7c Middlewares/ST/STM32_USB_Device_Library/Core/Src/usbd_ioreq.o
 .comment       0x000000000000007b       0x7c USB_DEVICE/App/usb_device.o
 .comment       0x000000000000007b       0x7c USB_DEVICE/App/usbd_audio_if.o
 .comment       0x000000000000007b       0x7c USB_DEVICE/App/usbd_desc.o
 .comment       0x000000000000007b       0x7c USB_DEVICE/Target/usbd_conf.o

.debug_frame    0x0000000000000000     0x2a74
 .debug_frame   0x0000000000000000       0x98 Core/Src/main.o
 .debug_frame   0x0000000000000098       0x38 Core/Src/stm32f4xx_hal_msp.o
 .debug_frame   0x00000000000000d0      0x128 Core/Src/stm32f4xx_it.o
 .debug_frame   0x00000000000001f8       0x58 Core/Src/system_stm32f4xx.o
 .debug_frame   0x0000000000000250      0x374 Drivers/STM32F4xx_HAL_Driver/Src/stm32f4xx_hal.o
 .debug_frame   0x00000000000005c4      0x498 Drivers/STM32F4xx_HAL_Driver/Src/stm32f4xx_hal_cortex.o
 .debug_frame   0x0000000000000a5c      0x14c Drivers/STM32F4xx_HAL_Driver/Src/stm32f4xx_hal_gpio.o
 .debug_frame   0x0000000000000ba8      0x54c Drivers/STM32F4xx_HAL_Driver/Src/stm32f4xx_hal_pcd.o
 .debug_frame   0x00000000000010f4       0xb0 Drivers/STM32F4xx_HAL_Driver/Src/stm32f4xx_hal_pcd_ex.o
 .debug_frame   0x00000000000011a4      0x1f0 Drivers/STM32F4xx_HAL_Driver/Src/stm32f4xx_hal_rcc.o
 .debug_frame   0x0000000000001394      0x790 Drivers/STM32F4xx_HAL_Driver/Src/stm32f4xx_ll_usb.o
 .debug_frame   0x0000000000001b24      0x164 Middlewares/ST/STM32_USB_Device_Library/Class/AUDIO/Src/usbd_audio.o
 .debug_frame   0x0000000000001c88      0x2fc Middlewares/ST/STM32_USB_Device_Library/Core/Src/usbd_core.o
 .debug_frame   0x0000000000001f84      0x23c Middlewares/ST/STM32_USB_Device_Library/Core/Src/usbd_ctlreq.o
 .debug_frame   0x00000000000021c0      0x10c Middlewares/ST/STM32_USB_Device_Library/Core/Src/usbd_ioreq.o
 .debug_frame   0x00000000000022cc       0x2c USB_DEVICE/App/usb_device.o
 .debug_frame   0x00000000000022f8      0x144 USB_DEVICE/App/usbd_audio_if.o
 .debug_frame   0x000000000000243c      0x160 USB_DEVICE/App/usbd_desc.o
 .debug_frame   0x000000000000259c      0x42c USB_DEVICE/Target/usbd_conf.o
 .debug_frame   0x00000000000029c8       0x2c /home/muaddib/st/stm32cubeide_1.3.0_2/plugins/com.st.stm32cube.ide.mcu.externaltools.gnu-tools-for-stm32.7-2018-q2-update.linux64_1.0.0.201904181610/tools/bin/../lib/gcc/arm-none-eabi/7.3.1/../../../../arm-none-eabi/lib/thumb/v7e-m/fpv4-sp/hard/libc_nano.a(lib_a-init.o)
 .debug_frame   0x00000000000029f4       0x20 /home/muaddib/st/stm32cubeide_1.3.0_2/plugins/com.st.stm32cube.ide.mcu.externaltools.gnu-tools-for-stm32.7-2018-q2-update.linux64_1.0.0.201904181610/tools/bin/../lib/gcc/arm-none-eabi/7.3.1/../../../../arm-none-eabi/lib/thumb/v7e-m/fpv4-sp/hard/libc_nano.a(lib_a-memset.o)
 .debug_frame   0x0000000000002a14       0x2c /home/muaddib/st/stm32cubeide_1.3.0_2/plugins/com.st.stm32cube.ide.mcu.externaltools.gnu-tools-for-stm32.7-2018-q2-update.linux64_1.0.0.201904181610/tools/bin/../lib/gcc/arm-none-eabi/7.3.1/thumb/v7e-m/fpv4-sp/hard/libgcc.a(_aeabi_uldivmod.o)
 .debug_frame   0x0000000000002a40       0x34 /home/muaddib/st/stm32cubeide_1.3.0_2/plugins/com.st.stm32cube.ide.mcu.externaltools.gnu-tools-for-stm32.7-2018-q2-update.linux64_1.0.0.201904181610/tools/bin/../lib/gcc/arm-none-eabi/7.3.1/thumb/v7e-m/fpv4-sp/hard/libgcc.a(_udivmoddi4.o)
